

============================== 13:28:49.269475 | 5d689113-5df6-42ca-9011-c217a4cbb6f4 ==============================
[0m13:28:49.269475 [info ] [MainThread]: Running with dbt=1.12.0
[0m13:28:49.301549 [debug] [MainThread]: running dbt with arguments {'debug': 'False', 'log_format': 'default', 'log_cache_events': 'False', 'cache_selected_only': 'False', 'hints_enabled': 'True', 'version_check': 'True', 'partial_parse': 'True', 'write_json': 'True', 'use_colors': 'True', 'profiles_dir': '/home/vant/Documentos/Master/TFM/omop/demo/transform/profiles/postgres', 'invocation_command': 'dbt clean', 'target_path': '/home/vant/Documentos/Master/TFM/omop/demo/.meltano/transformers/dbt/target', 'warn_error_options': 'WarnErrorOptionsV2(error=[], warn=[], silence=[])', 'warn_error': 'None', 'indirect_selection': 'eager', 'maximum_seed_size_mib': '1', 'log_path': 'logs', 'fail_fast': 'False', 'printer_width': '80', 'send_anonymous_usage_stats': 'False', 'empty': 'None', 'use_experimental_parser': 'False', 'introspect': 'True', 'no_print': 'None', 'quiet': 'False', 'static_parser': 'True'}
[0m13:28:49.301932 [warn ] [MainThread]: [[33mWARNING[0m]: Deprecated functionality

User config should be moved from the 'config' key in profiles.yml to the 'flags' key in dbt_project.yml.
[0m13:28:49.302577 [error] [MainThread]: [[31mERROR[0m]: Encountered an error:
Runtime Error
  No dbt_project.yml found at expected path /home/vant/Documentos/Master/TFM/omop/demo/transform/dbt_project.yml
  Verify that each entry within packages.yml (and their transitive dependencies) contains a file named dbt_project.yml
  
[0m13:28:49.303057 [warn ] [MainThread]: [[33mWARNING[0m][DeprecationsSummary]: Deprecated functionality
Summary of encountered deprecations:
- ProjectFlagsMovedDeprecation: 1 occurrence
To see all deprecation instances instead of just the first occurrence of each,
run command again with the `--show-all-deprecations` flag. You may also need to
run with `--no-partial-parse` as some deprecations are only encountered during
parsing.
[0m13:28:49.303752 [debug] [MainThread]: Resource report: {"command_name": "clean", "command_success": false, "command_wall_clock_time": 0.094337165, "process_in_blocks": "0", "process_kernel_time": 0.064073, "process_mem_max_rss": "127596", "process_out_blocks": "680", "process_user_time": 1.099268}
[0m13:28:49.304161 [debug] [MainThread]: Command `dbt clean` failed at 13:28:49.304091 after 0.09 seconds
[0m13:28:49.304465 [debug] [MainThread]: Flushing usage events


============================== 13:30:47.579688 | fbe1dbef-cd90-45a3-8050-bd765d9cc923 ==============================
[0m13:30:47.579688 [info ] [MainThread]: Running with dbt=1.12.0
[0m13:30:47.583775 [debug] [MainThread]: running dbt with arguments {'use_experimental_parser': 'False', 'static_parser': 'True', 'use_colors': 'True', 'indirect_selection': 'eager', 'fail_fast': 'False', 'warn_error': 'None', 'maximum_seed_size_mib': '1', 'introspect': 'True', 'send_anonymous_usage_stats': 'False', 'cache_selected_only': 'False', 'quiet': 'False', 'no_print': 'None', 'debug': 'False', 'target_path': '/home/vant/Documentos/Master/TFM/omop/demo/.meltano/transformers/dbt/target', 'warn_error_options': 'WarnErrorOptionsV2(error=[], warn=[], silence=[])', 'log_format': 'default', 'hints_enabled': 'True', 'profiles_dir': '/home/vant/Documentos/Master/TFM/omop/demo/transform/profiles/postgres', 'printer_width': '80', 'log_cache_events': 'False', 'partial_parse': 'True', 'empty': 'None', 'version_check': 'True', 'log_path': '/home/vant/Documentos/Master/TFM/omop/demo/transform/logs', 'write_json': 'True', 'invocation_command': 'dbt clean'}
[0m13:30:47.584433 [warn ] [MainThread]: [[33mWARNING[0m]: Deprecated functionality

User config should be moved from the 'config' key in profiles.yml to the 'flags' key in dbt_project.yml.
[0m13:30:47.731153 [warn ] [MainThread]: [[33mWARNING[0m][DeprecationsSummary]: Deprecated functionality
Summary of encountered deprecations:
- ProjectFlagsMovedDeprecation: 1 occurrence
To see all deprecation instances instead of just the first occurrence of each,
run command again with the `--show-all-deprecations` flag. You may also need to
run with `--no-partial-parse` as some deprecations are only encountered during
parsing.
[0m13:30:47.732574 [debug] [MainThread]: Resource report: {"command_name": "clean", "command_success": true, "command_wall_clock_time": 0.21292514, "process_in_blocks": "304", "process_kernel_time": 0.086934, "process_mem_max_rss": "112084", "process_out_blocks": "672", "process_user_time": 1.272037}
[0m13:30:47.733062 [debug] [MainThread]: Command `dbt clean` succeeded at 13:30:47.732980 after 0.21 seconds
[0m13:30:47.733404 [debug] [MainThread]: Flushing usage events


============================== 13:30:49.241830 | 6247bb34-0dba-4902-b923-5f12aa83c174 ==============================
[0m13:30:49.241830 [info ] [MainThread]: Running with dbt=1.12.0
[0m13:30:49.244659 [debug] [MainThread]: running dbt with arguments {'hints_enabled': 'True', 'write_json': 'True', 'no_print': 'None', 'empty': 'None', 'profiles_dir': '/home/vant/Documentos/Master/TFM/omop/demo/transform/profiles/postgres', 'printer_width': '80', 'quiet': 'False', 'partial_parse': 'True', 'target_path': 'None', 'log_path': '/home/vant/Documentos/Master/TFM/omop/demo/transform/logs', 'version_check': 'True', 'send_anonymous_usage_stats': 'False', 'use_experimental_parser': 'False', 'log_cache_events': 'False', 'static_parser': 'True', 'log_format': 'default', 'maximum_seed_size_mib': '1', 'cache_selected_only': 'False', 'debug': 'False', 'introspect': 'True', 'warn_error_options': 'WarnErrorOptionsV2(error=[], warn=[], silence=[])', 'invocation_command': 'dbt deps', 'fail_fast': 'False', 'use_colors': 'True', 'indirect_selection': 'eager', 'warn_error': 'None'}
[0m13:30:49.245057 [warn ] [MainThread]: [[33mWARNING[0m]: Deprecated functionality

User config should be moved from the 'config' key in profiles.yml to the 'flags' key in dbt_project.yml.
[0m13:30:49.358139 [info ] [MainThread]: Warning: No packages were found in packages.yml
[0m13:30:49.358778 [info ] [MainThread]: Warning: No packages were found in packages.yml
[0m13:30:49.359281 [warn ] [MainThread]: [[33mWARNING[0m][DeprecationsSummary]: Deprecated functionality
Summary of encountered deprecations:
- ProjectFlagsMovedDeprecation: 1 occurrence
To see all deprecation instances instead of just the first occurrence of each,
run command again with the `--show-all-deprecations` flag. You may also need to
run with `--no-partial-parse` as some deprecations are only encountered during
parsing.
[0m13:30:49.360062 [debug] [MainThread]: Resource report: {"command_name": "deps", "command_success": true, "command_wall_clock_time": 0.18068497, "process_in_blocks": "0", "process_kernel_time": 0.091911, "process_mem_max_rss": "110604", "process_out_blocks": "224", "process_user_time": 1.20384}
[0m13:30:49.360498 [debug] [MainThread]: Command `dbt deps` succeeded at 13:30:49.360426 after 0.18 seconds
[0m13:30:49.360853 [debug] [MainThread]: Flushing usage events


============================== 13:30:50.843678 | e4a8a433-447f-4b26-930e-56045d923d00 ==============================
[0m13:30:50.843678 [info ] [MainThread]: Running with dbt=1.12.0
[0m13:30:50.849090 [debug] [MainThread]: running dbt with arguments {'target_path': '/home/vant/Documentos/Master/TFM/omop/demo/.meltano/transformers/dbt/target', 'quiet': 'False', 'invocation_command': 'dbt compile', 'printer_width': '80', 'no_print': 'None', 'version_check': 'True', 'maximum_seed_size_mib': '1', 'introspect': 'True', 'empty': 'False', 'debug': 'False', 'log_cache_events': 'False', 'use_experimental_parser': 'False', 'partial_parse': 'True', 'indirect_selection': 'eager', 'send_anonymous_usage_stats': 'False', 'log_format': 'default', 'write_json': 'True', 'use_colors': 'True', 'warn_error': 'None', 'log_path': '/home/vant/Documentos/Master/TFM/omop/demo/transform/logs', 'hints_enabled': 'True', 'warn_error_options': 'WarnErrorOptionsV2(error=[], warn=[], silence=[])', 'fail_fast': 'False', 'static_parser': 'True', 'cache_selected_only': 'False', 'profiles_dir': '/home/vant/Documentos/Master/TFM/omop/demo/transform/profiles/postgres'}
[0m13:30:50.849937 [warn ] [MainThread]: [[33mWARNING[0m]: Deprecated functionality

User config should be moved from the 'config' key in profiles.yml to the 'flags' key in dbt_project.yml.
[0m13:30:51.061292 [info ] [MainThread]: Registered adapter: postgres=1.11.0
[0m13:30:51.140040 [debug] [MainThread]: checksum: 9cfcfe0e3ce21bf816e3dc5a44faa28dc9080f16edabbcefcf61d2b943218982, vars: {}, profile: postgres, target: dev, version: 1.12.0
[0m13:30:51.140632 [info ] [MainThread]: Unable to do partial parsing because saved manifest not found. Starting full parse.
[0m13:30:52.052058 [debug] [MainThread]: Wrote artifact WritableManifest to /home/vant/Documentos/Master/TFM/omop/demo/.meltano/transformers/dbt/target/manifest.json
[0m13:30:52.053934 [debug] [MainThread]: Wrote artifact SemanticManifest to /home/vant/Documentos/Master/TFM/omop/demo/.meltano/transformers/dbt/target/semantic_manifest.json
[0m13:30:52.079650 [debug] [MainThread]: Wrote artifact OsiDocument to /home/vant/Documentos/Master/TFM/omop/demo/.meltano/transformers/dbt/target/osi_document.json
[0m13:30:52.089768 [info ] [MainThread]: Found 1 model, 1 source, 481 macros
[0m13:30:52.091124 [info ] [MainThread]: 
[0m13:30:52.091497 [info ] [MainThread]: Concurrency: 4 threads (target='dev')
[0m13:30:52.091809 [info ] [MainThread]: 
[0m13:30:52.092324 [debug] [MainThread]: Acquiring new postgres connection 'master'
[0m13:30:52.093274 [debug] [ThreadPool]: Acquiring new postgres connection 'list_demo_analytics'
[0m13:30:52.138892 [debug] [ThreadPool]: Using postgres connection "list_demo_analytics"
[0m13:30:52.139713 [debug] [ThreadPool]: On list_demo_analytics: /* {"app": "dbt", "dbt_version": "1.12.0", "profile_name": "postgres", "target_name": "dev", "connection_name": "list_demo_analytics"} */
select
      'demo' as database,
      tablename as name,
      schemaname as schema,
      'table' as type
    from pg_tables
    where schemaname ilike 'analytics'
    union all
    select
      'demo' as database,
      viewname as name,
      schemaname as schema,
      'view' as type
    from pg_views
    where schemaname ilike 'analytics'
    union all
    select
      'demo' as database,
      matviewname as name,
      schemaname as schema,
      'materialized_view' as type
    from pg_matviews
    where schemaname ilike 'analytics'
    union all
    select distinct
     'demo' as database,
     proname as name,
     ns.nspname as schema,
     'function' as type
    from pg_proc
     join pg_namespace as ns on pronamespace = ns.oid
    where ns.nspname ilike 'analytics'
  
[0m13:30:52.140224 [debug] [ThreadPool]: Opening a new connection, currently in state init
[0m13:30:52.169529 [debug] [ThreadPool]: SQL status: SELECT 0 in 0.029 seconds
[0m13:30:52.172265 [debug] [ThreadPool]: On list_demo_analytics: ROLLBACK
[0m13:30:52.175322 [debug] [ThreadPool]: On list_demo_analytics: Close
[0m13:30:52.181920 [debug] [MainThread]: Using postgres connection "master"
[0m13:30:52.182679 [debug] [MainThread]: On master: /* {"app": "dbt", "dbt_version": "1.12.0", "profile_name": "postgres", "target_name": "dev", "connection_name": "master"} */
select distinct
        dependent_namespace.nspname as dependent_schema,
        dependent_class.relname as dependent_name,
        referenced_namespace.nspname as referenced_schema,
        referenced_class.relname as referenced_name

    -- Query for views: views are entries in pg_class with an entry in pg_rewrite, but we avoid
    -- a seq scan on pg_rewrite by leveraging the fact there is an "internal" row in pg_depend for
    -- the view...
    from pg_class as dependent_class
    join pg_namespace as dependent_namespace on dependent_namespace.oid = dependent_class.relnamespace
    join pg_depend as dependent_depend on dependent_depend.refobjid = dependent_class.oid
        and dependent_depend.classid = 'pg_rewrite'::regclass
        and dependent_depend.refclassid = 'pg_class'::regclass
        and dependent_depend.deptype = 'i'

    -- ... and via pg_depend (that has a row per column, hence the need for "distinct" above, and
    -- making sure to exclude the internal row to avoid a view appearing to depend on itself)...
    join pg_depend as joining_depend on joining_depend.objid = dependent_depend.objid
        and joining_depend.classid = 'pg_rewrite'::regclass
        and joining_depend.refclassid = 'pg_class'::regclass
        and joining_depend.refobjid != dependent_depend.refobjid

    -- ... we can find the tables they query from in pg_class, but excluding system tables. Note we
    -- don't need need to exclude _dependent_ system tables, because they only query from other
    -- system tables, and so are automatically excluded by excluding _referenced_ system tables
    join pg_class as referenced_class on referenced_class.oid = joining_depend.refobjid
    join pg_namespace as referenced_namespace on referenced_namespace.oid = referenced_class.relnamespace
        and referenced_namespace.nspname != 'information_schema'
        and referenced_namespace.nspname not like 'pg\_%'

    order by
        dependent_schema, dependent_name, referenced_schema, referenced_name;
[0m13:30:52.183305 [debug] [MainThread]: Opening a new connection, currently in state init
[0m13:30:52.212863 [debug] [MainThread]: SQL status: SELECT 0 in 0.029 seconds
[0m13:30:52.216569 [debug] [MainThread]: On master: ROLLBACK
[0m13:30:52.219715 [debug] [MainThread]: On master: Close
[0m13:30:52.225477 [debug] [Thread-1 (]: Began running node model.omop_demo.person
[0m13:30:52.227058 [debug] [Thread-1 (]: Re-using an available connection from the pool (formerly list_demo_analytics, now model.omop_demo.person)
[0m13:30:52.228022 [debug] [Thread-1 (]: Began compiling node model.omop_demo.person
[0m13:30:52.240049 [debug] [Thread-1 (]: Writing injected SQL for node "model.omop_demo.person"
[0m13:30:52.241123 [debug] [Thread-1 (]: Began executing node model.omop_demo.person
[0m13:30:52.242059 [debug] [Thread-1 (]: Finished running node model.omop_demo.person
[0m13:30:52.244013 [debug] [MainThread]: Connection 'master' was properly closed.
[0m13:30:52.244939 [debug] [MainThread]: Connection 'model.omop_demo.person' was properly closed.
[0m13:30:52.246991 [debug] [MainThread]: Command end result
[0m13:30:52.275594 [debug] [MainThread]: Wrote artifact WritableManifest to /home/vant/Documentos/Master/TFM/omop/demo/.meltano/transformers/dbt/target/manifest.json
[0m13:30:52.277482 [debug] [MainThread]: Wrote artifact SemanticManifest to /home/vant/Documentos/Master/TFM/omop/demo/.meltano/transformers/dbt/target/semantic_manifest.json
[0m13:30:52.279097 [debug] [MainThread]: Wrote artifact OsiDocument to /home/vant/Documentos/Master/TFM/omop/demo/.meltano/transformers/dbt/target/osi_document.json
[0m13:30:52.284535 [debug] [MainThread]: Wrote artifact RunExecutionResult to /home/vant/Documentos/Master/TFM/omop/demo/.meltano/transformers/dbt/target/run_results.json
[0m13:30:52.285068 [warn ] [MainThread]: [[33mWARNING[0m][DeprecationsSummary]: Deprecated functionality
Summary of encountered deprecations:
- ProjectFlagsMovedDeprecation: 1 occurrence
To see all deprecation instances instead of just the first occurrence of each,
run command again with the `--show-all-deprecations` flag. You may also need to
run with `--no-partial-parse` as some deprecations are only encountered during
parsing.
[0m13:30:52.285825 [debug] [MainThread]: Resource report: {"command_name": "compile", "command_success": true, "command_wall_clock_time": 1.5043156, "process_in_blocks": "8", "process_kernel_time": 0.138826, "process_mem_max_rss": "138296", "process_out_blocks": "4368", "process_user_time": 2.449934}
[0m13:30:52.286393 [debug] [MainThread]: Command `dbt compile` succeeded at 13:30:52.286289 after 1.50 seconds
[0m13:30:52.286854 [debug] [MainThread]: Flushing usage events


============================== 13:31:54.002920 | eb1c321d-208b-40b4-9b22-95f5226fddb4 ==============================
[0m13:31:54.002920 [info ] [MainThread]: Running with dbt=1.12.0
[0m13:31:54.005262 [debug] [MainThread]: running dbt with arguments {'partial_parse': 'True', 'log_path': '/home/vant/Documentos/Master/TFM/omop/demo/transform/logs', 'use_colors': 'True', 'invocation_command': 'dbt clean', 'introspect': 'True', 'target_path': '/home/vant/Documentos/Master/TFM/omop/demo/.meltano/transformers/dbt/target', 'log_cache_events': 'False', 'write_json': 'True', 'quiet': 'False', 'indirect_selection': 'eager', 'profiles_dir': '/home/vant/Documentos/Master/TFM/omop/demo/transform/profiles/postgres', 'send_anonymous_usage_stats': 'False', 'maximum_seed_size_mib': '1', 'printer_width': '80', 'version_check': 'True', 'no_print': 'None', 'use_experimental_parser': 'False', 'fail_fast': 'False', 'debug': 'False', 'warn_error_options': 'WarnErrorOptionsV2(error=[], warn=[], silence=[])', 'cache_selected_only': 'False', 'hints_enabled': 'True', 'log_format': 'default', 'static_parser': 'True', 'warn_error': 'None', 'empty': 'None'}
[0m13:31:54.005648 [warn ] [MainThread]: [[33mWARNING[0m]: Deprecated functionality

User config should be moved from the 'config' key in profiles.yml to the 'flags' key in dbt_project.yml.
[0m13:31:54.118475 [warn ] [MainThread]: [[33mWARNING[0m][DeprecationsSummary]: Deprecated functionality
Summary of encountered deprecations:
- ProjectFlagsMovedDeprecation: 1 occurrence
To see all deprecation instances instead of just the first occurrence of each,
run command again with the `--show-all-deprecations` flag. You may also need to
run with `--no-partial-parse` as some deprecations are only encountered during
parsing.
[0m13:31:54.119307 [debug] [MainThread]: Resource report: {"command_name": "clean", "command_success": true, "command_wall_clock_time": 0.17605494, "process_in_blocks": "0", "process_kernel_time": 0.076965, "process_mem_max_rss": "110276", "process_out_blocks": "16", "process_user_time": 1.200455}
[0m13:31:54.119774 [debug] [MainThread]: Command `dbt clean` succeeded at 13:31:54.119701 after 0.18 seconds
[0m13:31:54.120148 [debug] [MainThread]: Flushing usage events


============================== 13:31:55.757941 | afa4fad1-93b0-40a8-bfcf-bd26e711c3b0 ==============================
[0m13:31:55.757941 [info ] [MainThread]: Running with dbt=1.12.0
[0m13:31:55.760354 [debug] [MainThread]: running dbt with arguments {'empty': 'None', 'use_experimental_parser': 'False', 'version_check': 'True', 'send_anonymous_usage_stats': 'False', 'indirect_selection': 'eager', 'fail_fast': 'False', 'quiet': 'False', 'log_path': '/home/vant/Documentos/Master/TFM/omop/demo/transform/logs', 'log_format': 'default', 'maximum_seed_size_mib': '1', 'write_json': 'True', 'static_parser': 'True', 'debug': 'False', 'warn_error': 'None', 'partial_parse': 'True', 'printer_width': '80', 'hints_enabled': 'True', 'invocation_command': 'dbt deps', 'use_colors': 'True', 'cache_selected_only': 'False', 'no_print': 'None', 'profiles_dir': '/home/vant/Documentos/Master/TFM/omop/demo/transform/profiles/postgres', 'warn_error_options': 'WarnErrorOptionsV2(error=[], warn=[], silence=[])', 'introspect': 'True', 'target_path': 'None', 'log_cache_events': 'False'}
[0m13:31:55.760751 [warn ] [MainThread]: [[33mWARNING[0m]: Deprecated functionality

User config should be moved from the 'config' key in profiles.yml to the 'flags' key in dbt_project.yml.
[0m13:31:55.865935 [info ] [MainThread]: Warning: No packages were found in packages.yml
[0m13:31:55.868190 [info ] [MainThread]: Warning: No packages were found in packages.yml
[0m13:31:55.869571 [warn ] [MainThread]: [[33mWARNING[0m][DeprecationsSummary]: Deprecated functionality
Summary of encountered deprecations:
- ProjectFlagsMovedDeprecation: 1 occurrence
To see all deprecation instances instead of just the first occurrence of each,
run command again with the `--show-all-deprecations` flag. You may also need to
run with `--no-partial-parse` as some deprecations are only encountered during
parsing.
[0m13:31:55.871235 [debug] [MainThread]: Resource report: {"command_name": "deps", "command_success": true, "command_wall_clock_time": 0.18154609, "process_in_blocks": "0", "process_kernel_time": 0.072799, "process_mem_max_rss": "110516", "process_out_blocks": "0", "process_user_time": 1.24656}
[0m13:31:55.872180 [debug] [MainThread]: Command `dbt deps` succeeded at 13:31:55.872032 after 0.18 seconds
[0m13:31:55.872884 [debug] [MainThread]: Flushing usage events


============================== 13:31:57.397848 | b67a153d-d0e1-4b02-809d-28e9d999f6cd ==============================
[0m13:31:57.397848 [info ] [MainThread]: Running with dbt=1.12.0
[0m13:31:57.403688 [debug] [MainThread]: running dbt with arguments {'log_format': 'default', 'fail_fast': 'False', 'invocation_command': 'dbt debug', 'warn_error_options': 'WarnErrorOptionsV2(error=[], warn=[], silence=[])', 'debug': 'False', 'static_parser': 'True', 'empty': 'None', 'introspect': 'True', 'write_json': 'True', 'indirect_selection': 'eager', 'send_anonymous_usage_stats': 'False', 'quiet': 'False', 'version_check': 'True', 'log_path': '/home/vant/Documentos/Master/TFM/omop/demo/transform/logs', 'target_path': 'None', 'use_experimental_parser': 'False', 'profiles_dir': '/home/vant/Documentos/Master/TFM/omop/demo/transform/profiles/postgres', 'use_colors': 'True', 'hints_enabled': 'True', 'printer_width': '80', 'no_print': 'None', 'log_cache_events': 'False', 'cache_selected_only': 'False', 'maximum_seed_size_mib': '1', 'partial_parse': 'True', 'warn_error': 'None'}
[0m13:31:57.404480 [warn ] [MainThread]: [[33mWARNING[0m]: Deprecated functionality

User config should be moved from the 'config' key in profiles.yml to the 'flags' key in dbt_project.yml.
[0m13:31:57.415527 [info ] [MainThread]: dbt version: 1.12.0
[0m13:31:57.416033 [info ] [MainThread]: python version: 3.12.3
[0m13:31:57.416379 [info ] [MainThread]: python path: /home/vant/Documentos/Master/TFM/omop/demo/.meltano/utilities/dbt-postgres/venv/bin/python
[0m13:31:57.416700 [info ] [MainThread]: os info: Linux-7.0.0-28-generic-x86_64-with-glibc2.39
[0m13:31:57.456340 [info ] [MainThread]: Using profiles dir at /home/vant/Documentos/Master/TFM/omop/demo/transform/profiles/postgres
[0m13:31:57.456863 [info ] [MainThread]: Using profiles.yml file at /home/vant/Documentos/Master/TFM/omop/demo/transform/profiles/postgres/profiles.yml
[0m13:31:57.457174 [info ] [MainThread]: Using dbt_project.yml file at /home/vant/Documentos/Master/TFM/omop/demo/transform/dbt_project.yml
[0m13:31:57.457728 [info ] [MainThread]: adapter type: postgres
[0m13:31:57.458063 [info ] [MainThread]: adapter version: 1.11.0
[0m13:31:57.546321 [info ] [MainThread]: Configuration:
[0m13:31:57.546807 [info ] [MainThread]:   profiles.yml file [[32mOK found and valid[0m]
[0m13:31:57.547113 [info ] [MainThread]:   dbt_project.yml file [[32mOK found and valid[0m]
[0m13:31:57.547430 [info ] [MainThread]: Required dependencies:
[0m13:31:57.547862 [debug] [MainThread]: Executing "git --help"
[0m13:31:57.572623 [debug] [MainThread]: STDOUT: "b"uso: git [-v | --version] [-h | --help] [-C <path>] [-c <name>=<value>]\n           [--exec-path[=<path>]] [--html-path] [--man-path] [--info-path]\n           [-p | --paginate | -P | --no-pager] [--no-replace-objects] [--bare]\n           [--git-dir=<path>] [--work-tree=<path>] [--namespace=<name>]\n           [--config-env=<name>=<envvar>] <command> [<args>]\n\nEstos son comandos comunes de Git usados en varias situaciones:\n\ncomenzar un \xc3\xa1rea de trabajo (mira tambi\xc3\xa9n: git help tutorial)\n   clone     Clonar un repositorio dentro de un nuevo directorio\n   init      Crear un repositorio de Git vac\xc3\xado o reinicia el que ya existe\n\ntrabajar en los cambios actuales (mira tambi\xc3\xa9n: git help everyday)\n   add       Agregar contenido de archivos al \xc3\xadndice\n   mv        Mover o cambiar el nombre a archivos, directorios o enlaces simb\xc3\xb3licos\n   restore   Restaurar archivos del \xc3\xa1rbol de trabajo\n   rm        Borrar archivos del \xc3\xa1rbol de trabajo y del \xc3\xadndice\n\nexaminar el historial y el estado (mira tambi\xc3\xa9n: git help revisions)\n   bisect    Usar la b\xc3\xbasqueda binaria para encontrar el commit que introdujo el bug\n   diff      Mostrar los cambios entre commits, commit y \xc3\xa1rbol de trabajo, etc\n   grep      Imprimir las l\xc3\xadneas que concuerden con el patr\xc3\xb3n\n   log       Mostrar los logs de los commits\n   show      Mostrar varios tipos de objetos\n   status    Mostrar el estado del \xc3\xa1rbol de trabajo\n\ncrecer, marcar y ajustar tu historial com\xc3\xban\n   branch    Listar, crear, o borrar ramas\n   commit    Grabar los cambios al repositorio\n   merge     Juntar dos o m\xc3\xa1s historiales de desarrollo juntos\n   rebase    Volver a aplicar commits en la punta de otra rama\n   reset     Reiniciar el HEAD actual a un estado espec\xc3\xadfico\n   switch    Cambiar de branch\n   tag       Crear, listar, borrar o verificar un objeto de tag firmado con GPG\n\ncolaborar (mira tambi\xc3\xa9n: git help workflows)\n   fetch     Descargar objetos y referencias de otro repositorio\n   pull      Realizar un fetch e integra con otro repositorio o rama local\n   push      Actualizar referencias remotas junto con sus objetos asociados\n\n'git help -a' y 'git help -g' listan los subcomandos disponibles y algunas\ngu\xc3\xadas de concepto. Consulta 'git help <command>' o 'git help <concepto>'\npara leer sobre un subcomando o concepto espec\xc3\xadfico.\nMira 'git help git' para una vista general del sistema.\n""
[0m13:31:57.574087 [debug] [MainThread]: STDERR: "b''"
[0m13:31:57.575182 [info ] [MainThread]:  - git [[32mOK found[0m]

[0m13:31:57.576382 [info ] [MainThread]: Connection:
[0m13:31:57.577620 [info ] [MainThread]:   host: localhost
[0m13:31:57.578662 [info ] [MainThread]:   port: 5433
[0m13:31:57.579628 [info ] [MainThread]:   user: postgres
[0m13:31:57.580623 [info ] [MainThread]:   database: demo
[0m13:31:57.581875 [info ] [MainThread]:   schema: analytics
[0m13:31:57.583423 [info ] [MainThread]:   connect_timeout: 10
[0m13:31:57.584864 [info ] [MainThread]:   role: None
[0m13:31:57.586348 [info ] [MainThread]:   search_path: None
[0m13:31:57.587510 [info ] [MainThread]:   keepalives_idle: 0
[0m13:31:57.588371 [info ] [MainThread]:   sslmode: None
[0m13:31:57.588872 [info ] [MainThread]:   sslcert: None
[0m13:31:57.589313 [info ] [MainThread]:   sslkey: None
[0m13:31:57.589729 [info ] [MainThread]:   sslrootcert: None
[0m13:31:57.590181 [info ] [MainThread]:   application_name: dbt
[0m13:31:57.590914 [info ] [MainThread]:   autocommit: False
[0m13:31:57.591463 [info ] [MainThread]:   retries: 1
[0m13:31:57.592056 [info ] [MainThread]: Registered adapter: postgres=1.11.0
[0m13:31:57.680004 [debug] [MainThread]: Acquiring new postgres connection 'debug'
[0m13:31:57.696032 [debug] [MainThread]: Using postgres connection "debug"
[0m13:31:57.696445 [debug] [MainThread]: On debug: select 1 as id
[0m13:31:57.696753 [debug] [MainThread]: Opening a new connection, currently in state init
[0m13:31:57.714160 [debug] [MainThread]: SQL status: SELECT 1 in 0.017 seconds
[0m13:31:57.715648 [debug] [MainThread]: On debug: Close
[0m13:31:57.716376 [info ] [MainThread]:   Connection test: [[32mOK connection ok[0m]

[0m13:31:57.717052 [info ] [MainThread]: [32mAll checks passed![0m
[0m13:31:57.718057 [warn ] [MainThread]: [[33mWARNING[0m][DeprecationsSummary]: Deprecated functionality
Summary of encountered deprecations:
- ProjectFlagsMovedDeprecation: 1 occurrence
To see all deprecation instances instead of just the first occurrence of each,
run command again with the `--show-all-deprecations` flag. You may also need to
run with `--no-partial-parse` as some deprecations are only encountered during
parsing.
[0m13:31:57.719456 [debug] [MainThread]: Resource report: {"command_name": "debug", "command_success": true, "command_wall_clock_time": 0.3831783, "process_in_blocks": "0", "process_kernel_time": 0.127054, "process_mem_max_rss": "123768", "process_out_blocks": "64", "process_user_time": 1.354577}
[0m13:31:57.720163 [debug] [MainThread]: Command `dbt debug` succeeded at 13:31:57.720049 after 0.38 seconds
[0m13:31:57.721108 [debug] [MainThread]: Connection 'debug' was properly closed.
[0m13:31:57.721564 [debug] [MainThread]: Flushing usage events


============================== 13:32:27.757333 | 747fa27a-3a6e-4e64-af42-9d228e516b2d ==============================
[0m13:32:27.757333 [info ] [MainThread]: Running with dbt=1.12.0
[0m13:32:27.761881 [debug] [MainThread]: running dbt with arguments {'profiles_dir': '/home/vant/Documentos/Master/TFM/omop/demo/transform/profiles/postgres', 'warn_error': 'None', 'introspect': 'True', 'no_print': 'None', 'static_parser': 'True', 'hints_enabled': 'True', 'log_cache_events': 'False', 'debug': 'False', 'use_colors': 'True', 'log_format': 'default', 'empty': 'None', 'target_path': '/home/vant/Documentos/Master/TFM/omop/demo/.meltano/transformers/dbt/target', 'log_path': '/home/vant/Documentos/Master/TFM/omop/demo/transform/logs', 'use_experimental_parser': 'False', 'partial_parse': 'True', 'maximum_seed_size_mib': '1', 'printer_width': '80', 'version_check': 'True', 'invocation_command': 'dbt clean', 'quiet': 'False', 'cache_selected_only': 'False', 'fail_fast': 'False', 'warn_error_options': 'WarnErrorOptionsV2(error=[], warn=[], silence=[])', 'send_anonymous_usage_stats': 'False', 'indirect_selection': 'eager', 'write_json': 'True'}
[0m13:32:27.762564 [warn ] [MainThread]: [[33mWARNING[0m]: Deprecated functionality

User config should be moved from the 'config' key in profiles.yml to the 'flags' key in dbt_project.yml.
[0m13:32:27.870072 [warn ] [MainThread]: [[33mWARNING[0m][DeprecationsSummary]: Deprecated functionality
Summary of encountered deprecations:
- ProjectFlagsMovedDeprecation: 1 occurrence
To see all deprecation instances instead of just the first occurrence of each,
run command again with the `--show-all-deprecations` flag. You may also need to
run with `--no-partial-parse` as some deprecations are only encountered during
parsing.
[0m13:32:27.870811 [debug] [MainThread]: Resource report: {"command_name": "clean", "command_success": true, "command_wall_clock_time": 0.17689857, "process_in_blocks": "0", "process_kernel_time": 0.078038, "process_mem_max_rss": "110284", "process_out_blocks": "8", "process_user_time": 1.222606}
[0m13:32:27.871239 [debug] [MainThread]: Command `dbt clean` succeeded at 13:32:27.871169 after 0.18 seconds
[0m13:32:27.871565 [debug] [MainThread]: Flushing usage events


============================== 13:32:29.454125 | 8c4edc69-fd01-4294-9fbb-58369d621bc2 ==============================
[0m13:32:29.454125 [info ] [MainThread]: Running with dbt=1.12.0
[0m13:32:29.456997 [debug] [MainThread]: running dbt with arguments {'log_format': 'default', 'cache_selected_only': 'False', 'hints_enabled': 'True', 'warn_error_options': 'WarnErrorOptionsV2(error=[], warn=[], silence=[])', 'log_path': '/home/vant/Documentos/Master/TFM/omop/demo/transform/logs', 'empty': 'None', 'target_path': 'None', 'version_check': 'True', 'printer_width': '80', 'send_anonymous_usage_stats': 'False', 'write_json': 'True', 'debug': 'False', 'no_print': 'None', 'profiles_dir': '/home/vant/Documentos/Master/TFM/omop/demo/transform/profiles/postgres', 'log_cache_events': 'False', 'indirect_selection': 'eager', 'introspect': 'True', 'use_colors': 'True', 'partial_parse': 'True', 'static_parser': 'True', 'fail_fast': 'False', 'invocation_command': 'dbt deps', 'use_experimental_parser': 'False', 'quiet': 'False', 'maximum_seed_size_mib': '1', 'warn_error': 'None'}
[0m13:32:29.457392 [warn ] [MainThread]: [[33mWARNING[0m]: Deprecated functionality

User config should be moved from the 'config' key in profiles.yml to the 'flags' key in dbt_project.yml.
[0m13:32:29.563677 [info ] [MainThread]: Warning: No packages were found in packages.yml
[0m13:32:29.564359 [info ] [MainThread]: Warning: No packages were found in packages.yml
[0m13:32:29.564835 [warn ] [MainThread]: [[33mWARNING[0m][DeprecationsSummary]: Deprecated functionality
Summary of encountered deprecations:
- ProjectFlagsMovedDeprecation: 1 occurrence
To see all deprecation instances instead of just the first occurrence of each,
run command again with the `--show-all-deprecations` flag. You may also need to
run with `--no-partial-parse` as some deprecations are only encountered during
parsing.
[0m13:32:29.565572 [debug] [MainThread]: Resource report: {"command_name": "deps", "command_success": true, "command_wall_clock_time": 0.17588848, "process_in_blocks": "0", "process_kernel_time": 0.102945, "process_mem_max_rss": "110476", "process_out_blocks": "8", "process_user_time": 1.276329}
[0m13:32:29.566007 [debug] [MainThread]: Command `dbt deps` succeeded at 13:32:29.565938 after 0.18 seconds
[0m13:32:29.566344 [debug] [MainThread]: Flushing usage events


============================== 13:32:31.090142 | d2189091-5ce1-458d-bbf8-824109677ed5 ==============================
[0m13:32:31.090142 [info ] [MainThread]: Running with dbt=1.12.0
[0m13:32:31.093272 [debug] [MainThread]: running dbt with arguments {'hints_enabled': 'True', 'indirect_selection': 'eager', 'log_format': 'default', 'warn_error': 'None', 'maximum_seed_size_mib': '1', 'no_print': 'None', 'profiles_dir': '/home/vant/Documentos/Master/TFM/omop/demo/transform/profiles/postgres', 'warn_error_options': 'WarnErrorOptionsV2(error=[], warn=[], silence=[])', 'fail_fast': 'False', 'partial_parse': 'True', 'debug': 'False', 'quiet': 'False', 'invocation_command': 'dbt run', 'use_colors': 'True', 'log_path': '/home/vant/Documentos/Master/TFM/omop/demo/transform/logs', 'printer_width': '80', 'log_cache_events': 'False', 'use_experimental_parser': 'False', 'cache_selected_only': 'False', 'introspect': 'True', 'version_check': 'True', 'empty': 'False', 'static_parser': 'True', 'send_anonymous_usage_stats': 'False', 'target_path': '/home/vant/Documentos/Master/TFM/omop/demo/.meltano/transformers/dbt/target', 'write_json': 'True'}
[0m13:32:31.093689 [warn ] [MainThread]: [[33mWARNING[0m]: Deprecated functionality

User config should be moved from the 'config' key in profiles.yml to the 'flags' key in dbt_project.yml.
[0m13:32:31.282990 [info ] [MainThread]: Registered adapter: postgres=1.11.0
[0m13:32:31.362450 [debug] [MainThread]: checksum: 9cfcfe0e3ce21bf816e3dc5a44faa28dc9080f16edabbcefcf61d2b943218982, vars: {}, profile: postgres, target: dev, version: 1.12.0
[0m13:32:31.444752 [debug] [MainThread]: Partial parsing enabled: 0 files deleted, 0 files added, 0 files changed.
[0m13:32:31.445181 [debug] [MainThread]: Nothing changed, skipping partial parsing.
[0m13:32:31.445466 [debug] [MainThread]: Partial parsing enabled, no changes found, skipping parsing
[0m13:32:31.533881 [debug] [MainThread]: Wrote artifact WritableManifest to /home/vant/Documentos/Master/TFM/omop/demo/.meltano/transformers/dbt/target/manifest.json
[0m13:32:31.535979 [debug] [MainThread]: Wrote artifact SemanticManifest to /home/vant/Documentos/Master/TFM/omop/demo/.meltano/transformers/dbt/target/semantic_manifest.json
[0m13:32:31.546579 [debug] [MainThread]: Wrote artifact OsiDocument to /home/vant/Documentos/Master/TFM/omop/demo/.meltano/transformers/dbt/target/osi_document.json
[0m13:32:31.558894 [info ] [MainThread]: Found 1 model, 1 source, 481 macros
[0m13:32:31.560343 [info ] [MainThread]: 
[0m13:32:31.560772 [info ] [MainThread]: Concurrency: 4 threads (target='dev')
[0m13:32:31.561102 [info ] [MainThread]: 
[0m13:32:31.561545 [debug] [MainThread]: Acquiring new postgres connection 'master'
[0m13:32:31.562497 [debug] [ThreadPool]: Acquiring new postgres connection 'list_demo'
[0m13:32:31.593274 [debug] [ThreadPool]: Using postgres connection "list_demo"
[0m13:32:31.593750 [debug] [ThreadPool]: On list_demo: /* {"app": "dbt", "dbt_version": "1.12.0", "profile_name": "postgres", "target_name": "dev", "connection_name": "list_demo"} */

    select distinct nspname from pg_namespace
  
[0m13:32:31.594067 [debug] [ThreadPool]: Opening a new connection, currently in state init
[0m13:32:31.614147 [debug] [ThreadPool]: SQL status: SELECT 7 in 0.020 seconds
[0m13:32:31.617284 [debug] [ThreadPool]: On list_demo: Close
[0m13:32:31.619451 [debug] [ThreadPool]: Re-using an available connection from the pool (formerly list_demo, now create_demo_analytics)
[0m13:32:31.621609 [debug] [ThreadPool]: Creating schema "database: "demo"
schema: "analytics"
"
[0m13:32:31.631965 [debug] [ThreadPool]: Using postgres connection "create_demo_analytics"
[0m13:32:31.633142 [debug] [ThreadPool]: On create_demo_analytics: /* {"app": "dbt", "dbt_version": "1.12.0", "profile_name": "postgres", "target_name": "dev", "connection_name": "create_demo_analytics"} */
create schema if not exists "analytics"
[0m13:32:31.633903 [debug] [ThreadPool]: Opening a new connection, currently in state closed
[0m13:32:31.666797 [debug] [ThreadPool]: SQL status: CREATE SCHEMA in 0.033 seconds
[0m13:32:31.669696 [debug] [ThreadPool]: On create_demo_analytics: COMMIT
[0m13:32:31.670889 [debug] [ThreadPool]: Using postgres connection "create_demo_analytics"
[0m13:32:31.671899 [debug] [ThreadPool]: On create_demo_analytics: COMMIT
[0m13:32:31.680171 [debug] [ThreadPool]: SQL status: COMMIT in 0.007 seconds
[0m13:32:31.681744 [debug] [ThreadPool]: On create_demo_analytics: Close
[0m13:32:31.685071 [debug] [ThreadPool]: Re-using an available connection from the pool (formerly create_demo_analytics, now list_demo_analytics)
[0m13:32:31.698159 [debug] [ThreadPool]: Using postgres connection "list_demo_analytics"
[0m13:32:31.699052 [debug] [ThreadPool]: On list_demo_analytics: /* {"app": "dbt", "dbt_version": "1.12.0", "profile_name": "postgres", "target_name": "dev", "connection_name": "list_demo_analytics"} */
select
      'demo' as database,
      tablename as name,
      schemaname as schema,
      'table' as type
    from pg_tables
    where schemaname ilike 'analytics'
    union all
    select
      'demo' as database,
      viewname as name,
      schemaname as schema,
      'view' as type
    from pg_views
    where schemaname ilike 'analytics'
    union all
    select
      'demo' as database,
      matviewname as name,
      schemaname as schema,
      'materialized_view' as type
    from pg_matviews
    where schemaname ilike 'analytics'
    union all
    select distinct
     'demo' as database,
     proname as name,
     ns.nspname as schema,
     'function' as type
    from pg_proc
     join pg_namespace as ns on pronamespace = ns.oid
    where ns.nspname ilike 'analytics'
  
[0m13:32:31.699730 [debug] [ThreadPool]: Opening a new connection, currently in state closed
[0m13:32:31.743221 [debug] [ThreadPool]: SQL status: SELECT 0 in 0.043 seconds
[0m13:32:31.746899 [debug] [ThreadPool]: On list_demo_analytics: ROLLBACK
[0m13:32:31.750574 [debug] [ThreadPool]: On list_demo_analytics: Close
[0m13:32:31.757715 [debug] [MainThread]: Using postgres connection "master"
[0m13:32:31.758994 [debug] [MainThread]: On master: /* {"app": "dbt", "dbt_version": "1.12.0", "profile_name": "postgres", "target_name": "dev", "connection_name": "master"} */
select distinct
        dependent_namespace.nspname as dependent_schema,
        dependent_class.relname as dependent_name,
        referenced_namespace.nspname as referenced_schema,
        referenced_class.relname as referenced_name

    -- Query for views: views are entries in pg_class with an entry in pg_rewrite, but we avoid
    -- a seq scan on pg_rewrite by leveraging the fact there is an "internal" row in pg_depend for
    -- the view...
    from pg_class as dependent_class
    join pg_namespace as dependent_namespace on dependent_namespace.oid = dependent_class.relnamespace
    join pg_depend as dependent_depend on dependent_depend.refobjid = dependent_class.oid
        and dependent_depend.classid = 'pg_rewrite'::regclass
        and dependent_depend.refclassid = 'pg_class'::regclass
        and dependent_depend.deptype = 'i'

    -- ... and via pg_depend (that has a row per column, hence the need for "distinct" above, and
    -- making sure to exclude the internal row to avoid a view appearing to depend on itself)...
    join pg_depend as joining_depend on joining_depend.objid = dependent_depend.objid
        and joining_depend.classid = 'pg_rewrite'::regclass
        and joining_depend.refclassid = 'pg_class'::regclass
        and joining_depend.refobjid != dependent_depend.refobjid

    -- ... we can find the tables they query from in pg_class, but excluding system tables. Note we
    -- don't need need to exclude _dependent_ system tables, because they only query from other
    -- system tables, and so are automatically excluded by excluding _referenced_ system tables
    join pg_class as referenced_class on referenced_class.oid = joining_depend.refobjid
    join pg_namespace as referenced_namespace on referenced_namespace.oid = referenced_class.relnamespace
        and referenced_namespace.nspname != 'information_schema'
        and referenced_namespace.nspname not like 'pg\_%'

    order by
        dependent_schema, dependent_name, referenced_schema, referenced_name;
[0m13:32:31.760040 [debug] [MainThread]: Opening a new connection, currently in state init
[0m13:32:31.799652 [debug] [MainThread]: SQL status: SELECT 0 in 0.039 seconds
[0m13:32:31.803824 [debug] [MainThread]: On master: ROLLBACK
[0m13:32:31.807097 [debug] [MainThread]: On master: COMMIT
[0m13:32:31.808564 [debug] [MainThread]: Using postgres connection "master"
[0m13:32:31.809849 [debug] [MainThread]: On master: COMMIT
[0m13:32:31.813095 [debug] [MainThread]: SQL status: COMMIT in 0.002 seconds
[0m13:32:31.814356 [debug] [MainThread]: On master: Close
[0m13:32:31.821401 [debug] [Thread-1 (]: Began running node model.omop_demo.person
[0m13:32:31.823675 [info ] [Thread-1 (]: 1 of 1 START sql table model analytics.person .................................. [RUN]
[0m13:32:31.825635 [debug] [Thread-1 (]: Re-using an available connection from the pool (formerly list_demo_analytics, now model.omop_demo.person)
[0m13:32:31.827066 [debug] [Thread-1 (]: Began compiling node model.omop_demo.person
[0m13:32:31.847721 [debug] [Thread-1 (]: Writing injected SQL for node "model.omop_demo.person"
[0m13:32:31.849395 [debug] [Thread-1 (]: Began executing node model.omop_demo.person
[0m13:32:31.884386 [debug] [Thread-1 (]: Writing runtime sql for node "model.omop_demo.person"
[0m13:32:31.885150 [debug] [Thread-1 (]: Using postgres connection "model.omop_demo.person"
[0m13:32:31.885549 [debug] [Thread-1 (]: On model.omop_demo.person: /* {"app": "dbt", "dbt_version": "1.12.0", "profile_name": "postgres", "target_name": "dev", "node_id": "model.omop_demo.person"} */

  
    

  create  table "demo"."analytics"."person__dbt_tmp"
  
  
    as
  
  (
    -- person



with patients as (

    select * from "demo"."raw"."patients"

),
person as (

select
    
    abs(('x' || substr(md5("Id"), 1, 16))::bit(64)::bigint)
 AS person_id,
    
(CASE WHEN "GENDER" = 'M' THEN 8507::int -- Male
      WHEN "GENDER" = 'F' THEN 8532::int -- Female
      WHEN "GENDER" is null THEN 0::int -- No data
      ELSE 8551::int -- Unknown
      END)
 AS gender_concept_id,
    date_part('year', "BIRTHDATE"::DATE)::INT AS year_of_birth,
    date_part('month', "BIRTHDATE"::DATE)::INT AS month_of_birth,
    date_part('day', "BIRTHDATE"::DATE)::INT AS day_of_birth,
    "BIRTHDATE"::TIMESTAMP AS birth_datetime,
    
(CASE WHEN "RACE" = 'white' THEN 8527::int -- White
      WHEN "RACE" = 'black' THEN 8516::int -- Black
      WHEN "RACE" = 'asian' THEN 8515::int -- Asian
      ELSE 0::int -- No data
      END)
  AS race_concept_id,
    
(CASE WHEN "ETHNICITY" = 'hispanic' THEN 38003563::int -- Hispanic or Latino
      ELSE 0::int
      END)
 AS ethnicity_concept_id,
    NULL::INT AS location_id,
    NULL::INT AS provider_id,
    NULL::INT AS care_site_id,
    "Id"::VARCHAR(50) AS person_source_value,
    "GENDER"::VARCHAR(50) AS gender_source_value,
    0 AS gender_source_concept_id,
    "RACE"::VARCHAR(50) AS race_source_value,
    0 AS race_source_concept_id,
    "ETHNICITY"::VARCHAR(50) AS ethnicity_source_value,
    0 AS ethnicity_source_concept_id
from patients
where "BIRTHDATE" is not null -- Don't load patients who do not have birthdate and sex (change variable names if necessary)
      and "GENDER" is not null

)

select * from person
  );
  
[0m13:32:31.885929 [debug] [Thread-1 (]: Opening a new connection, currently in state closed
[0m13:32:31.905705 [debug] [Thread-1 (]: SQL status: SELECT 1162 in 0.019 seconds
[0m13:32:31.916034 [debug] [Thread-1 (]: Using postgres connection "model.omop_demo.person"
[0m13:32:31.916630 [debug] [Thread-1 (]: On model.omop_demo.person: /* {"app": "dbt", "dbt_version": "1.12.0", "profile_name": "postgres", "target_name": "dev", "node_id": "model.omop_demo.person"} */
alter table "demo"."analytics"."person__dbt_tmp" rename to "person"
[0m13:32:31.919297 [debug] [Thread-1 (]: SQL status: ALTER TABLE in 0.002 seconds
[0m13:32:31.932626 [debug] [Thread-1 (]: On model.omop_demo.person: COMMIT
[0m13:32:31.933056 [debug] [Thread-1 (]: Using postgres connection "model.omop_demo.person"
[0m13:32:31.933393 [debug] [Thread-1 (]: On model.omop_demo.person: COMMIT
[0m13:32:31.938312 [debug] [Thread-1 (]: SQL status: COMMIT in 0.004 seconds
[0m13:32:31.948106 [debug] [Thread-1 (]: Applying DROP to: "demo"."analytics"."person__dbt_backup"
[0m13:32:31.955926 [debug] [Thread-1 (]: Using postgres connection "model.omop_demo.person"
[0m13:32:31.956844 [debug] [Thread-1 (]: On model.omop_demo.person: /* {"app": "dbt", "dbt_version": "1.12.0", "profile_name": "postgres", "target_name": "dev", "node_id": "model.omop_demo.person"} */
drop table if exists "demo"."analytics"."person__dbt_backup" cascade
[0m13:32:31.960772 [debug] [Thread-1 (]: SQL status: DROP TABLE in 0.003 seconds
[0m13:32:31.964997 [debug] [Thread-1 (]: On model.omop_demo.person: Close
[0m13:32:31.969112 [info ] [Thread-1 (]: 1 of 1 OK created sql table model analytics.person ............................. [[32mSELECT 1162[0m in 0.14s]
[0m13:32:31.970257 [debug] [Thread-1 (]: Finished running node model.omop_demo.person
[0m13:32:31.973167 [debug] [MainThread]: On master: COMMIT
[0m13:32:31.974063 [debug] [MainThread]: Using postgres connection "master"
[0m13:32:31.974810 [debug] [MainThread]: On master: COMMIT
[0m13:32:31.975517 [debug] [MainThread]: Opening a new connection, currently in state closed
[0m13:32:31.996715 [debug] [MainThread]: SQL status: COMMIT in 0.021 seconds
[0m13:32:31.998286 [debug] [MainThread]: On master: Close
[0m13:32:31.999006 [debug] [MainThread]: Connection 'master' was properly closed.
[0m13:32:31.999497 [debug] [MainThread]: Connection 'model.omop_demo.person' was properly closed.
[0m13:32:32.000148 [info ] [MainThread]: 
[0m13:32:32.000829 [info ] [MainThread]: Finished running 1 table model in 0 hours 0 minutes and 0.44 seconds (0.44s).
[0m13:32:32.001594 [debug] [MainThread]: Command end result
[0m13:32:32.112034 [debug] [MainThread]: Wrote artifact WritableManifest to /home/vant/Documentos/Master/TFM/omop/demo/.meltano/transformers/dbt/target/manifest.json
[0m13:32:32.113893 [debug] [MainThread]: Wrote artifact SemanticManifest to /home/vant/Documentos/Master/TFM/omop/demo/.meltano/transformers/dbt/target/semantic_manifest.json
[0m13:32:32.115576 [debug] [MainThread]: Wrote artifact OsiDocument to /home/vant/Documentos/Master/TFM/omop/demo/.meltano/transformers/dbt/target/osi_document.json
[0m13:32:32.120759 [debug] [MainThread]: Wrote artifact RunExecutionResult to /home/vant/Documentos/Master/TFM/omop/demo/.meltano/transformers/dbt/target/run_results.json
[0m13:32:32.121241 [info ] [MainThread]: 
[0m13:32:32.121638 [info ] [MainThread]: [32mCompleted successfully[0m
[0m13:32:32.121959 [info ] [MainThread]: 
[0m13:32:32.122286 [info ] [MainThread]: Done. PASS=1 WARN=0 ERROR=0 SKIP=0 NO-OP=0 REUSED=0 TOTAL=1
[0m13:32:32.122758 [warn ] [MainThread]: [[33mWARNING[0m][DeprecationsSummary]: Deprecated functionality
Summary of encountered deprecations:
- ProjectFlagsMovedDeprecation: 1 occurrence
To see all deprecation instances instead of just the first occurrence of each,
run command again with the `--show-all-deprecations` flag. You may also need to
run with `--no-partial-parse` as some deprecations are only encountered during
parsing.
[0m13:32:32.123606 [debug] [MainThread]: Resource report: {"command_name": "run", "command_success": true, "command_wall_clock_time": 1.096227, "process_in_blocks": "0", "process_kernel_time": 0.139667, "process_mem_max_rss": "132748", "process_out_blocks": "2344", "process_user_time": 1.932396}
[0m13:32:32.124045 [debug] [MainThread]: Command `dbt run` succeeded at 13:32:32.123976 after 1.10 seconds
[0m13:32:32.124370 [debug] [MainThread]: Flushing usage events


============================== 13:38:38.477544 | ab616b0d-a256-41fd-9e2f-9beddf6243a7 ==============================
[0m13:38:38.477544 [info ] [MainThread]: Running with dbt=1.12.0
[0m13:38:38.482366 [debug] [MainThread]: running dbt with arguments {'invocation_command': 'dbt clean', 'partial_parse': 'True', 'use_colors': 'True', 'warn_error_options': 'WarnErrorOptionsV2(error=[], warn=[], silence=[])', 'printer_width': '80', 'log_format': 'default', 'profiles_dir': '/home/vant/Documentos/Master/TFM/omop/demo/transform/profiles/postgres', 'log_path': '/home/vant/Documentos/Master/TFM/omop/demo/transform/logs', 'hints_enabled': 'True', 'maximum_seed_size_mib': '1', 'log_cache_events': 'False', 'empty': 'None', 'cache_selected_only': 'False', 'indirect_selection': 'eager', 'write_json': 'True', 'introspect': 'True', 'quiet': 'False', 'use_experimental_parser': 'False', 'no_print': 'None', 'warn_error': 'None', 'static_parser': 'True', 'send_anonymous_usage_stats': 'False', 'target_path': '/home/vant/Documentos/Master/TFM/omop/demo/.meltano/transformers/dbt/target', 'fail_fast': 'False', 'version_check': 'True', 'debug': 'False'}
[0m13:38:38.483099 [warn ] [MainThread]: [[33mWARNING[0m]: Deprecated functionality

User config should be moved from the 'config' key in profiles.yml to the 'flags' key in dbt_project.yml.
[0m13:38:38.594272 [warn ] [MainThread]: [[33mWARNING[0m][DeprecationsSummary]: Deprecated functionality
Summary of encountered deprecations:
- ProjectFlagsMovedDeprecation: 1 occurrence
To see all deprecation instances instead of just the first occurrence of each,
run command again with the `--show-all-deprecations` flag. You may also need to
run with `--no-partial-parse` as some deprecations are only encountered during
parsing.
[0m13:38:38.595100 [debug] [MainThread]: Resource report: {"command_name": "clean", "command_success": true, "command_wall_clock_time": 0.17953503, "process_in_blocks": "0", "process_kernel_time": 0.087944, "process_mem_max_rss": "110312", "process_out_blocks": "8", "process_user_time": 1.198238}
[0m13:38:38.595570 [debug] [MainThread]: Command `dbt clean` succeeded at 13:38:38.595496 after 0.18 seconds
[0m13:38:38.595921 [debug] [MainThread]: Flushing usage events


============================== 13:38:40.082176 | df0799e4-66e7-4976-a8a8-547e47189e6b ==============================
[0m13:38:40.082176 [info ] [MainThread]: Running with dbt=1.12.0
[0m13:38:40.084813 [debug] [MainThread]: running dbt with arguments {'debug': 'False', 'use_colors': 'True', 'invocation_command': 'dbt deps', 'partial_parse': 'True', 'log_format': 'default', 'fail_fast': 'False', 'log_path': '/home/vant/Documentos/Master/TFM/omop/demo/transform/logs', 'warn_error': 'None', 'target_path': 'None', 'profiles_dir': '/home/vant/Documentos/Master/TFM/omop/demo/transform/profiles/postgres', 'send_anonymous_usage_stats': 'False', 'indirect_selection': 'eager', 'static_parser': 'True', 'log_cache_events': 'False', 'version_check': 'True', 'maximum_seed_size_mib': '1', 'quiet': 'False', 'printer_width': '80', 'warn_error_options': 'WarnErrorOptionsV2(error=[], warn=[], silence=[])', 'empty': 'None', 'cache_selected_only': 'False', 'introspect': 'True', 'write_json': 'True', 'no_print': 'None', 'use_experimental_parser': 'False', 'hints_enabled': 'True'}
[0m13:38:40.085211 [warn ] [MainThread]: [[33mWARNING[0m]: Deprecated functionality

User config should be moved from the 'config' key in profiles.yml to the 'flags' key in dbt_project.yml.
[0m13:38:40.206921 [info ] [MainThread]: Warning: No packages were found in packages.yml
[0m13:38:40.207642 [info ] [MainThread]: Warning: No packages were found in packages.yml
[0m13:38:40.208140 [warn ] [MainThread]: [[33mWARNING[0m][DeprecationsSummary]: Deprecated functionality
Summary of encountered deprecations:
- ProjectFlagsMovedDeprecation: 1 occurrence
To see all deprecation instances instead of just the first occurrence of each,
run command again with the `--show-all-deprecations` flag. You may also need to
run with `--no-partial-parse` as some deprecations are only encountered during
parsing.
[0m13:38:40.208884 [debug] [MainThread]: Resource report: {"command_name": "deps", "command_success": true, "command_wall_clock_time": 0.18799493, "process_in_blocks": "0", "process_kernel_time": 0.083972, "process_mem_max_rss": "110504", "process_out_blocks": "8", "process_user_time": 1.236588}
[0m13:38:40.209338 [debug] [MainThread]: Command `dbt deps` succeeded at 13:38:40.209260 after 0.19 seconds
[0m13:38:40.209687 [debug] [MainThread]: Flushing usage events


============================== 13:38:41.787409 | 62b16da3-c606-4862-9125-9c3b3c495d57 ==============================
[0m13:38:41.787409 [info ] [MainThread]: Running with dbt=1.12.0
[0m13:38:41.790975 [debug] [MainThread]: running dbt with arguments {'fail_fast': 'False', 'send_anonymous_usage_stats': 'False', 'hints_enabled': 'True', 'log_path': '/home/vant/Documentos/Master/TFM/omop/demo/transform/logs', 'warn_error_options': 'WarnErrorOptionsV2(error=[], warn=[], silence=[])', 'quiet': 'False', 'write_json': 'True', 'target_path': '/home/vant/Documentos/Master/TFM/omop/demo/.meltano/transformers/dbt/target', 'no_print': 'None', 'log_format': 'default', 'printer_width': '80', 'debug': 'False', 'cache_selected_only': 'False', 'use_colors': 'True', 'maximum_seed_size_mib': '1', 'invocation_command': 'dbt test', 'introspect': 'True', 'log_cache_events': 'False', 'static_parser': 'True', 'empty': 'None', 'partial_parse': 'True', 'profiles_dir': '/home/vant/Documentos/Master/TFM/omop/demo/transform/profiles/postgres', 'indirect_selection': 'eager', 'warn_error': 'None', 'version_check': 'True', 'use_experimental_parser': 'False'}
[0m13:38:41.793354 [warn ] [MainThread]: [[33mWARNING[0m]: Deprecated functionality

User config should be moved from the 'config' key in profiles.yml to the 'flags' key in dbt_project.yml.
[0m13:38:41.996913 [info ] [MainThread]: Registered adapter: postgres=1.11.0
[0m13:38:42.074908 [debug] [MainThread]: checksum: 9cfcfe0e3ce21bf816e3dc5a44faa28dc9080f16edabbcefcf61d2b943218982, vars: {}, profile: postgres, target: dev, version: 1.12.0
[0m13:38:42.154002 [debug] [MainThread]: Partial parsing enabled: 0 files deleted, 1 files added, 0 files changed.
[0m13:38:42.154520 [debug] [MainThread]: Partial parsing: added file: omop_demo://models/schema.yml
[0m13:38:42.626831 [debug] [MainThread]: Wrote artifact WritableManifest to /home/vant/Documentos/Master/TFM/omop/demo/.meltano/transformers/dbt/target/manifest.json
[0m13:38:42.628779 [debug] [MainThread]: Wrote artifact SemanticManifest to /home/vant/Documentos/Master/TFM/omop/demo/.meltano/transformers/dbt/target/semantic_manifest.json
[0m13:38:42.637984 [debug] [MainThread]: Wrote artifact OsiDocument to /home/vant/Documentos/Master/TFM/omop/demo/.meltano/transformers/dbt/target/osi_document.json
[0m13:38:42.737643 [info ] [MainThread]: Found 1 model, 2 data tests, 1 source, 481 macros
[0m13:38:42.739253 [info ] [MainThread]: 
[0m13:38:42.739778 [info ] [MainThread]: Concurrency: 4 threads (target='dev')
[0m13:38:42.740169 [info ] [MainThread]: 
[0m13:38:42.740735 [debug] [MainThread]: Acquiring new postgres connection 'master'
[0m13:38:42.741769 [debug] [ThreadPool]: Acquiring new postgres connection 'list_demo_analytics'
[0m13:38:42.768094 [debug] [ThreadPool]: Using postgres connection "list_demo_analytics"
[0m13:38:42.769027 [debug] [ThreadPool]: On list_demo_analytics: /* {"app": "dbt", "dbt_version": "1.12.0", "profile_name": "postgres", "target_name": "dev", "connection_name": "list_demo_analytics"} */
select
      'demo' as database,
      tablename as name,
      schemaname as schema,
      'table' as type
    from pg_tables
    where schemaname ilike 'analytics'
    union all
    select
      'demo' as database,
      viewname as name,
      schemaname as schema,
      'view' as type
    from pg_views
    where schemaname ilike 'analytics'
    union all
    select
      'demo' as database,
      matviewname as name,
      schemaname as schema,
      'materialized_view' as type
    from pg_matviews
    where schemaname ilike 'analytics'
    union all
    select distinct
     'demo' as database,
     proname as name,
     ns.nspname as schema,
     'function' as type
    from pg_proc
     join pg_namespace as ns on pronamespace = ns.oid
    where ns.nspname ilike 'analytics'
  
[0m13:38:42.769454 [debug] [ThreadPool]: Opening a new connection, currently in state init
[0m13:38:42.803346 [debug] [ThreadPool]: SQL status: SELECT 1 in 0.034 seconds
[0m13:38:42.805429 [debug] [ThreadPool]: On list_demo_analytics: ROLLBACK
[0m13:38:42.806829 [debug] [ThreadPool]: On list_demo_analytics: Close
[0m13:38:42.810830 [debug] [MainThread]: Using postgres connection "master"
[0m13:38:42.811295 [debug] [MainThread]: On master: /* {"app": "dbt", "dbt_version": "1.12.0", "profile_name": "postgres", "target_name": "dev", "connection_name": "master"} */
select distinct
        dependent_namespace.nspname as dependent_schema,
        dependent_class.relname as dependent_name,
        referenced_namespace.nspname as referenced_schema,
        referenced_class.relname as referenced_name

    -- Query for views: views are entries in pg_class with an entry in pg_rewrite, but we avoid
    -- a seq scan on pg_rewrite by leveraging the fact there is an "internal" row in pg_depend for
    -- the view...
    from pg_class as dependent_class
    join pg_namespace as dependent_namespace on dependent_namespace.oid = dependent_class.relnamespace
    join pg_depend as dependent_depend on dependent_depend.refobjid = dependent_class.oid
        and dependent_depend.classid = 'pg_rewrite'::regclass
        and dependent_depend.refclassid = 'pg_class'::regclass
        and dependent_depend.deptype = 'i'

    -- ... and via pg_depend (that has a row per column, hence the need for "distinct" above, and
    -- making sure to exclude the internal row to avoid a view appearing to depend on itself)...
    join pg_depend as joining_depend on joining_depend.objid = dependent_depend.objid
        and joining_depend.classid = 'pg_rewrite'::regclass
        and joining_depend.refclassid = 'pg_class'::regclass
        and joining_depend.refobjid != dependent_depend.refobjid

    -- ... we can find the tables they query from in pg_class, but excluding system tables. Note we
    -- don't need need to exclude _dependent_ system tables, because they only query from other
    -- system tables, and so are automatically excluded by excluding _referenced_ system tables
    join pg_class as referenced_class on referenced_class.oid = joining_depend.refobjid
    join pg_namespace as referenced_namespace on referenced_namespace.oid = referenced_class.relnamespace
        and referenced_namespace.nspname != 'information_schema'
        and referenced_namespace.nspname not like 'pg\_%'

    order by
        dependent_schema, dependent_name, referenced_schema, referenced_name;
[0m13:38:42.811681 [debug] [MainThread]: Opening a new connection, currently in state init
[0m13:38:42.838651 [debug] [MainThread]: SQL status: SELECT 0 in 0.027 seconds
[0m13:38:42.841058 [debug] [MainThread]: On master: ROLLBACK
[0m13:38:42.843433 [debug] [MainThread]: On master: COMMIT
[0m13:38:42.844423 [debug] [MainThread]: Using postgres connection "master"
[0m13:38:42.845071 [debug] [MainThread]: On master: COMMIT
[0m13:38:42.848117 [debug] [MainThread]: SQL status: COMMIT in 0.002 seconds
[0m13:38:42.849026 [debug] [MainThread]: On master: Close
[0m13:38:42.854716 [debug] [Thread-1 (]: Began running node test.omop_demo.not_null_person_person_id.6f9ab4b4de
[0m13:38:42.856185 [debug] [Thread-2 (]: Began running node test.omop_demo.unique_person_person_id.ee18b5e56c
[0m13:38:42.857740 [info ] [Thread-1 (]: 1 of 2 START test not_null_person_person_id .................................... [RUN]
[0m13:38:42.859217 [info ] [Thread-2 (]: 2 of 2 START test unique_person_person_id ...................................... [RUN]
[0m13:38:42.860862 [debug] [Thread-1 (]: Re-using an available connection from the pool (formerly list_demo_analytics, now test.omop_demo.not_null_person_person_id.6f9ab4b4de)
[0m13:38:42.862519 [debug] [Thread-2 (]: Acquiring new postgres connection 'test.omop_demo.unique_person_person_id.ee18b5e56c'
[0m13:38:42.863872 [debug] [Thread-1 (]: Began compiling node test.omop_demo.not_null_person_person_id.6f9ab4b4de
[0m13:38:42.865122 [debug] [Thread-2 (]: Began compiling node test.omop_demo.unique_person_person_id.ee18b5e56c
[0m13:38:42.901191 [debug] [Thread-1 (]: Writing injected SQL for node "test.omop_demo.not_null_person_person_id.6f9ab4b4de"
[0m13:38:42.905910 [debug] [Thread-2 (]: Writing injected SQL for node "test.omop_demo.unique_person_person_id.ee18b5e56c"
[0m13:38:42.906717 [debug] [Thread-2 (]: Began executing node test.omop_demo.unique_person_person_id.ee18b5e56c
[0m13:38:42.923917 [debug] [Thread-2 (]: Writing runtime sql for node "test.omop_demo.unique_person_person_id.ee18b5e56c"
[0m13:38:42.924496 [debug] [Thread-1 (]: Began executing node test.omop_demo.not_null_person_person_id.6f9ab4b4de
[0m13:38:42.925805 [debug] [Thread-1 (]: Writing runtime sql for node "test.omop_demo.not_null_person_person_id.6f9ab4b4de"
[0m13:38:42.926746 [debug] [Thread-2 (]: Using postgres connection "test.omop_demo.unique_person_person_id.ee18b5e56c"
[0m13:38:42.927477 [debug] [Thread-2 (]: On test.omop_demo.unique_person_person_id.ee18b5e56c: /* {"app": "dbt", "dbt_version": "1.12.0", "profile_name": "postgres", "target_name": "dev", "node_id": "test.omop_demo.unique_person_person_id.ee18b5e56c"} */

    
    select
      count(*) as failures,
      count(*) != 0 as should_warn,
      count(*) != 0 as should_error
    from (
      
    
  
    
    

select
    person_id as unique_field,
    count(*) as n_records

from "demo"."analytics"."person"
where person_id is not null
group by person_id
having count(*) > 1



  
  
      
    ) dbt_internal_test
[0m13:38:42.928139 [debug] [Thread-2 (]: Opening a new connection, currently in state init
[0m13:38:42.928975 [debug] [Thread-1 (]: Using postgres connection "test.omop_demo.not_null_person_person_id.6f9ab4b4de"
[0m13:38:42.929370 [debug] [Thread-1 (]: On test.omop_demo.not_null_person_person_id.6f9ab4b4de: /* {"app": "dbt", "dbt_version": "1.12.0", "profile_name": "postgres", "target_name": "dev", "node_id": "test.omop_demo.not_null_person_person_id.6f9ab4b4de"} */

    
    select
      count(*) as failures,
      count(*) != 0 as should_warn,
      count(*) != 0 as should_error
    from (
      
    
  
    
    



select person_id
from "demo"."analytics"."person"
where person_id is null



  
  
      
    ) dbt_internal_test
[0m13:38:42.929704 [debug] [Thread-1 (]: Opening a new connection, currently in state closed
[0m13:38:42.953599 [debug] [Thread-1 (]: SQL status: SELECT 1 in 0.024 seconds
[0m13:38:42.961338 [debug] [Thread-1 (]: On test.omop_demo.not_null_person_person_id.6f9ab4b4de: ROLLBACK
[0m13:38:42.961973 [debug] [Thread-2 (]: SQL status: SELECT 1 in 0.034 seconds
[0m13:38:42.963534 [debug] [Thread-2 (]: On test.omop_demo.unique_person_person_id.ee18b5e56c: ROLLBACK
[0m13:38:42.964073 [debug] [Thread-1 (]: On test.omop_demo.not_null_person_person_id.6f9ab4b4de: Close
[0m13:38:42.965175 [info ] [Thread-1 (]: 1 of 2 PASS not_null_person_person_id .......................................... [[32mPASS[0m in 0.10s]
[0m13:38:42.966088 [debug] [Thread-2 (]: On test.omop_demo.unique_person_person_id.ee18b5e56c: Close
[0m13:38:42.967348 [debug] [Thread-1 (]: Finished running node test.omop_demo.not_null_person_person_id.6f9ab4b4de
[0m13:38:42.969096 [info ] [Thread-2 (]: 2 of 2 PASS unique_person_person_id ............................................ [[32mPASS[0m in 0.11s]
[0m13:38:42.970334 [debug] [Thread-2 (]: Finished running node test.omop_demo.unique_person_person_id.ee18b5e56c
[0m13:38:42.973121 [debug] [MainThread]: On master: COMMIT
[0m13:38:42.973830 [debug] [MainThread]: Using postgres connection "master"
[0m13:38:42.974178 [debug] [MainThread]: On master: COMMIT
[0m13:38:42.974498 [debug] [MainThread]: Opening a new connection, currently in state closed
[0m13:38:42.987509 [debug] [MainThread]: SQL status: COMMIT in 0.013 seconds
[0m13:38:42.988310 [debug] [MainThread]: On master: Close
[0m13:38:42.989118 [debug] [MainThread]: Connection 'master' was properly closed.
[0m13:38:42.989910 [debug] [MainThread]: Connection 'test.omop_demo.not_null_person_person_id.6f9ab4b4de' was properly closed.
[0m13:38:42.990455 [debug] [MainThread]: Connection 'test.omop_demo.unique_person_person_id.ee18b5e56c' was properly closed.
[0m13:38:42.991047 [info ] [MainThread]: 
[0m13:38:42.991660 [info ] [MainThread]: Finished running 2 data tests in 0 hours 0 minutes and 0.25 seconds (0.25s).
[0m13:38:42.992884 [debug] [MainThread]: Command end result
[0m13:38:43.020832 [debug] [MainThread]: Wrote artifact WritableManifest to /home/vant/Documentos/Master/TFM/omop/demo/.meltano/transformers/dbt/target/manifest.json
[0m13:38:43.022825 [debug] [MainThread]: Wrote artifact SemanticManifest to /home/vant/Documentos/Master/TFM/omop/demo/.meltano/transformers/dbt/target/semantic_manifest.json
[0m13:38:43.024782 [debug] [MainThread]: Wrote artifact OsiDocument to /home/vant/Documentos/Master/TFM/omop/demo/.meltano/transformers/dbt/target/osi_document.json
[0m13:38:43.031329 [debug] [MainThread]: Wrote artifact RunExecutionResult to /home/vant/Documentos/Master/TFM/omop/demo/.meltano/transformers/dbt/target/run_results.json
[0m13:38:43.031908 [info ] [MainThread]: 
[0m13:38:43.032322 [info ] [MainThread]: [32mCompleted successfully[0m
[0m13:38:43.032734 [info ] [MainThread]: 
[0m13:38:43.033095 [info ] [MainThread]: Done. PASS=2 WARN=0 ERROR=0 SKIP=0 NO-OP=0 REUSED=0 TOTAL=2
[0m13:38:43.033603 [warn ] [MainThread]: [[33mWARNING[0m][DeprecationsSummary]: Deprecated functionality
Summary of encountered deprecations:
- ProjectFlagsMovedDeprecation: 1 occurrence
To see all deprecation instances instead of just the first occurrence of each,
run command again with the `--show-all-deprecations` flag. You may also need to
run with `--no-partial-parse` as some deprecations are only encountered during
parsing.
[0m13:38:43.034448 [debug] [MainThread]: Resource report: {"command_name": "test", "command_success": true, "command_wall_clock_time": 1.3092746, "process_in_blocks": "0", "process_kernel_time": 0.154244, "process_mem_max_rss": "162392", "process_out_blocks": "4416", "process_user_time": 2.259584}
[0m13:38:43.034940 [debug] [MainThread]: Command `dbt test` succeeded at 13:38:43.034864 after 1.31 seconds
[0m13:38:43.035283 [debug] [MainThread]: Flushing usage events


============================== 13:40:16.946949 | d8f393d0-3dc3-4cd4-95a5-92a069991334 ==============================
[0m13:40:16.946949 [info ] [MainThread]: Running with dbt=1.12.0
[0m13:40:16.949246 [debug] [MainThread]: running dbt with arguments {'indirect_selection': 'eager', 'empty': 'None', 'log_path': '/home/vant/Documentos/Master/TFM/omop/demo/transform/logs', 'send_anonymous_usage_stats': 'False', 'static_parser': 'True', 'log_cache_events': 'False', 'target_path': '/home/vant/Documentos/Master/TFM/omop/demo/.meltano/transformers/dbt/target', 'log_format': 'default', 'no_print': 'None', 'printer_width': '80', 'quiet': 'False', 'write_json': 'True', 'invocation_command': 'dbt clean', 'debug': 'False', 'maximum_seed_size_mib': '1', 'cache_selected_only': 'False', 'fail_fast': 'False', 'version_check': 'True', 'use_experimental_parser': 'False', 'warn_error': 'None', 'partial_parse': 'True', 'introspect': 'True', 'warn_error_options': 'WarnErrorOptionsV2(error=[], warn=[], silence=[])', 'profiles_dir': '/home/vant/Documentos/Master/TFM/omop/demo/transform/profiles/postgres', 'use_colors': 'True', 'hints_enabled': 'True'}
[0m13:40:16.949816 [warn ] [MainThread]: [[33mWARNING[0m]: Deprecated functionality

User config should be moved from the 'config' key in profiles.yml to the 'flags' key in dbt_project.yml.
[0m13:40:17.052671 [warn ] [MainThread]: [[33mWARNING[0m][DeprecationsSummary]: Deprecated functionality
Summary of encountered deprecations:
- ProjectFlagsMovedDeprecation: 1 occurrence
To see all deprecation instances instead of just the first occurrence of each,
run command again with the `--show-all-deprecations` flag. You may also need to
run with `--no-partial-parse` as some deprecations are only encountered during
parsing.
[0m13:40:17.053473 [debug] [MainThread]: Resource report: {"command_name": "clean", "command_success": true, "command_wall_clock_time": 0.1672696, "process_in_blocks": "0", "process_kernel_time": 0.080029, "process_mem_max_rss": "110320", "process_out_blocks": "16", "process_user_time": 1.207448}
[0m13:40:17.053911 [debug] [MainThread]: Command `dbt clean` succeeded at 13:40:17.053840 after 0.17 seconds
[0m13:40:17.054223 [debug] [MainThread]: Flushing usage events


============================== 13:40:18.514138 | 214ef570-8a94-49b4-9f77-97987019bee0 ==============================
[0m13:40:18.514138 [info ] [MainThread]: Running with dbt=1.12.0
[0m13:40:18.518022 [debug] [MainThread]: running dbt with arguments {'static_parser': 'True', 'warn_error': 'None', 'partial_parse': 'True', 'write_json': 'True', 'empty': 'None', 'indirect_selection': 'eager', 'log_path': '/home/vant/Documentos/Master/TFM/omop/demo/transform/logs', 'debug': 'False', 'invocation_command': 'dbt deps', 'cache_selected_only': 'False', 'use_experimental_parser': 'False', 'no_print': 'None', 'hints_enabled': 'True', 'profiles_dir': '/home/vant/Documentos/Master/TFM/omop/demo/transform/profiles/postgres', 'fail_fast': 'False', 'send_anonymous_usage_stats': 'False', 'log_format': 'default', 'log_cache_events': 'False', 'warn_error_options': 'WarnErrorOptionsV2(error=[], warn=[], silence=[])', 'maximum_seed_size_mib': '1', 'quiet': 'False', 'use_colors': 'True', 'version_check': 'True', 'printer_width': '80', 'introspect': 'True', 'target_path': 'None'}
[0m13:40:18.518695 [warn ] [MainThread]: [[33mWARNING[0m]: Deprecated functionality

User config should be moved from the 'config' key in profiles.yml to the 'flags' key in dbt_project.yml.
[0m13:40:18.627684 [info ] [MainThread]: Warning: No packages were found in packages.yml
[0m13:40:18.628387 [info ] [MainThread]: Warning: No packages were found in packages.yml
[0m13:40:18.628917 [warn ] [MainThread]: [[33mWARNING[0m][DeprecationsSummary]: Deprecated functionality
Summary of encountered deprecations:
- ProjectFlagsMovedDeprecation: 1 occurrence
To see all deprecation instances instead of just the first occurrence of each,
run command again with the `--show-all-deprecations` flag. You may also need to
run with `--no-partial-parse` as some deprecations are only encountered during
parsing.
[0m13:40:18.629840 [debug] [MainThread]: Resource report: {"command_name": "deps", "command_success": true, "command_wall_clock_time": 0.17622316, "process_in_blocks": "0", "process_kernel_time": 0.070012, "process_mem_max_rss": "110600", "process_out_blocks": "0", "process_user_time": 1.248227}
[0m13:40:18.630470 [debug] [MainThread]: Command `dbt deps` succeeded at 13:40:18.630352 after 0.18 seconds
[0m13:40:18.630965 [debug] [MainThread]: Flushing usage events


============================== 13:40:20.192350 | c82d18be-4d9a-417b-9779-79fb64323c05 ==============================
[0m13:40:20.192350 [info ] [MainThread]: Running with dbt=1.12.0
[0m13:40:20.196873 [debug] [MainThread]: running dbt with arguments {'log_format': 'default', 'partial_parse': 'True', 'write_json': 'True', 'indirect_selection': 'eager', 'use_colors': 'True', 'fail_fast': 'False', 'warn_error_options': 'WarnErrorOptionsV2(error=[], warn=[], silence=[])', 'debug': 'False', 'invocation_command': 'dbt docs generate', 'introspect': 'True', 'log_cache_events': 'False', 'version_check': 'True', 'hints_enabled': 'True', 'cache_selected_only': 'False', 'log_path': '/home/vant/Documentos/Master/TFM/omop/demo/transform/logs', 'static_parser': 'True', 'quiet': 'False', 'printer_width': '80', 'maximum_seed_size_mib': '1', 'no_print': 'None', 'profiles_dir': '/home/vant/Documentos/Master/TFM/omop/demo/transform/profiles/postgres', 'empty': 'None', 'send_anonymous_usage_stats': 'False', 'use_experimental_parser': 'False', 'warn_error': 'None', 'target_path': '/home/vant/Documentos/Master/TFM/omop/demo/.meltano/transformers/dbt/target'}
[0m13:40:20.197623 [warn ] [MainThread]: [[33mWARNING[0m]: Deprecated functionality

User config should be moved from the 'config' key in profiles.yml to the 'flags' key in dbt_project.yml.
[0m13:40:20.402799 [info ] [MainThread]: Registered adapter: postgres=1.11.0
[0m13:40:20.477357 [debug] [MainThread]: checksum: 9cfcfe0e3ce21bf816e3dc5a44faa28dc9080f16edabbcefcf61d2b943218982, vars: {}, profile: postgres, target: dev, version: 1.12.0
[0m13:40:20.573826 [debug] [MainThread]: Partial parsing enabled: 0 files deleted, 0 files added, 0 files changed.
[0m13:40:20.574228 [debug] [MainThread]: Nothing changed, skipping partial parsing.
[0m13:40:20.574504 [debug] [MainThread]: Partial parsing enabled, no changes found, skipping parsing
[0m13:40:20.617578 [info ] [MainThread]: Found 1 model, 2 data tests, 1 source, 481 macros
[0m13:40:20.619190 [info ] [MainThread]: 
[0m13:40:20.619659 [info ] [MainThread]: Concurrency: 4 threads (target='dev')
[0m13:40:20.620044 [info ] [MainThread]: 
[0m13:40:20.620570 [debug] [MainThread]: Acquiring new postgres connection 'master'
[0m13:40:20.621564 [debug] [ThreadPool]: Acquiring new postgres connection 'list_demo_analytics'
[0m13:40:20.655580 [debug] [ThreadPool]: Using postgres connection "list_demo_analytics"
[0m13:40:20.656095 [debug] [ThreadPool]: On list_demo_analytics: /* {"app": "dbt", "dbt_version": "1.12.0", "profile_name": "postgres", "target_name": "dev", "connection_name": "list_demo_analytics"} */
select
      'demo' as database,
      tablename as name,
      schemaname as schema,
      'table' as type
    from pg_tables
    where schemaname ilike 'analytics'
    union all
    select
      'demo' as database,
      viewname as name,
      schemaname as schema,
      'view' as type
    from pg_views
    where schemaname ilike 'analytics'
    union all
    select
      'demo' as database,
      matviewname as name,
      schemaname as schema,
      'materialized_view' as type
    from pg_matviews
    where schemaname ilike 'analytics'
    union all
    select distinct
     'demo' as database,
     proname as name,
     ns.nspname as schema,
     'function' as type
    from pg_proc
     join pg_namespace as ns on pronamespace = ns.oid
    where ns.nspname ilike 'analytics'
  
[0m13:40:20.656503 [debug] [ThreadPool]: Opening a new connection, currently in state init
[0m13:40:20.680235 [debug] [ThreadPool]: SQL status: SELECT 1 in 0.024 seconds
[0m13:40:20.683640 [debug] [ThreadPool]: On list_demo_analytics: ROLLBACK
[0m13:40:20.686308 [debug] [ThreadPool]: On list_demo_analytics: Close
[0m13:40:20.695453 [debug] [MainThread]: Using postgres connection "master"
[0m13:40:20.696896 [debug] [MainThread]: On master: /* {"app": "dbt", "dbt_version": "1.12.0", "profile_name": "postgres", "target_name": "dev", "connection_name": "master"} */
select distinct
        dependent_namespace.nspname as dependent_schema,
        dependent_class.relname as dependent_name,
        referenced_namespace.nspname as referenced_schema,
        referenced_class.relname as referenced_name

    -- Query for views: views are entries in pg_class with an entry in pg_rewrite, but we avoid
    -- a seq scan on pg_rewrite by leveraging the fact there is an "internal" row in pg_depend for
    -- the view...
    from pg_class as dependent_class
    join pg_namespace as dependent_namespace on dependent_namespace.oid = dependent_class.relnamespace
    join pg_depend as dependent_depend on dependent_depend.refobjid = dependent_class.oid
        and dependent_depend.classid = 'pg_rewrite'::regclass
        and dependent_depend.refclassid = 'pg_class'::regclass
        and dependent_depend.deptype = 'i'

    -- ... and via pg_depend (that has a row per column, hence the need for "distinct" above, and
    -- making sure to exclude the internal row to avoid a view appearing to depend on itself)...
    join pg_depend as joining_depend on joining_depend.objid = dependent_depend.objid
        and joining_depend.classid = 'pg_rewrite'::regclass
        and joining_depend.refclassid = 'pg_class'::regclass
        and joining_depend.refobjid != dependent_depend.refobjid

    -- ... we can find the tables they query from in pg_class, but excluding system tables. Note we
    -- don't need need to exclude _dependent_ system tables, because they only query from other
    -- system tables, and so are automatically excluded by excluding _referenced_ system tables
    join pg_class as referenced_class on referenced_class.oid = joining_depend.refobjid
    join pg_namespace as referenced_namespace on referenced_namespace.oid = referenced_class.relnamespace
        and referenced_namespace.nspname != 'information_schema'
        and referenced_namespace.nspname not like 'pg\_%'

    order by
        dependent_schema, dependent_name, referenced_schema, referenced_name;
[0m13:40:20.697922 [debug] [MainThread]: Opening a new connection, currently in state init
[0m13:40:20.725475 [debug] [MainThread]: SQL status: SELECT 0 in 0.027 seconds
[0m13:40:20.728175 [debug] [MainThread]: On master: ROLLBACK
[0m13:40:20.731945 [debug] [MainThread]: On master: Close
[0m13:40:20.740104 [debug] [Thread-1 (]: Began running node model.omop_demo.person
[0m13:40:20.742139 [debug] [Thread-1 (]: Re-using an available connection from the pool (formerly list_demo_analytics, now model.omop_demo.person)
[0m13:40:20.744129 [debug] [Thread-1 (]: Began compiling node model.omop_demo.person
[0m13:40:20.760339 [debug] [Thread-1 (]: Writing injected SQL for node "model.omop_demo.person"
[0m13:40:20.761528 [debug] [Thread-1 (]: Began executing node model.omop_demo.person
[0m13:40:20.762307 [debug] [Thread-1 (]: Finished running node model.omop_demo.person
[0m13:40:20.764087 [debug] [Thread-3 (]: Began running node test.omop_demo.not_null_person_person_id.6f9ab4b4de
[0m13:40:20.764948 [debug] [Thread-3 (]: Acquiring new postgres connection 'test.omop_demo.not_null_person_person_id.6f9ab4b4de'
[0m13:40:20.765624 [debug] [Thread-4 (]: Began running node test.omop_demo.unique_person_person_id.ee18b5e56c
[0m13:40:20.766313 [debug] [Thread-3 (]: Began compiling node test.omop_demo.not_null_person_person_id.6f9ab4b4de
[0m13:40:20.767227 [debug] [Thread-4 (]: Acquiring new postgres connection 'test.omop_demo.unique_person_person_id.ee18b5e56c'
[0m13:40:20.789168 [debug] [Thread-4 (]: Began compiling node test.omop_demo.unique_person_person_id.ee18b5e56c
[0m13:40:20.790865 [debug] [Thread-3 (]: Writing injected SQL for node "test.omop_demo.not_null_person_person_id.6f9ab4b4de"
[0m13:40:20.800611 [debug] [Thread-4 (]: Writing injected SQL for node "test.omop_demo.unique_person_person_id.ee18b5e56c"
[0m13:40:20.802011 [debug] [Thread-3 (]: Began executing node test.omop_demo.not_null_person_person_id.6f9ab4b4de
[0m13:40:20.803442 [debug] [Thread-3 (]: Finished running node test.omop_demo.not_null_person_person_id.6f9ab4b4de
[0m13:40:20.804562 [debug] [Thread-4 (]: Began executing node test.omop_demo.unique_person_person_id.ee18b5e56c
[0m13:40:20.805884 [debug] [Thread-4 (]: Finished running node test.omop_demo.unique_person_person_id.ee18b5e56c
[0m13:40:20.807757 [debug] [MainThread]: Connection 'master' was properly closed.
[0m13:40:20.808260 [debug] [MainThread]: Connection 'model.omop_demo.person' was properly closed.
[0m13:40:20.808686 [debug] [MainThread]: Connection 'test.omop_demo.not_null_person_person_id.6f9ab4b4de' was properly closed.
[0m13:40:20.809083 [debug] [MainThread]: Connection 'test.omop_demo.unique_person_person_id.ee18b5e56c' was properly closed.
[0m13:40:20.810072 [debug] [MainThread]: Command end result
[0m13:40:20.884619 [debug] [MainThread]: Wrote artifact WritableManifest to /home/vant/Documentos/Master/TFM/omop/demo/.meltano/transformers/dbt/target/manifest.json
[0m13:40:20.886524 [debug] [MainThread]: Wrote artifact SemanticManifest to /home/vant/Documentos/Master/TFM/omop/demo/.meltano/transformers/dbt/target/semantic_manifest.json
[0m13:40:20.895907 [debug] [MainThread]: Wrote artifact OsiDocument to /home/vant/Documentos/Master/TFM/omop/demo/.meltano/transformers/dbt/target/osi_document.json
[0m13:40:20.901335 [debug] [MainThread]: Wrote artifact RunExecutionResult to /home/vant/Documentos/Master/TFM/omop/demo/.meltano/transformers/dbt/target/run_results.json
[0m13:40:20.902405 [debug] [MainThread]: Acquiring new postgres connection 'generate_catalog'
[0m13:40:20.902752 [info ] [MainThread]: Building catalog
[0m13:40:20.909664 [debug] [ThreadPool]: Acquiring new postgres connection 'demo.information_schema'
[0m13:40:20.919397 [debug] [ThreadPool]: Using postgres connection "demo.information_schema"
[0m13:40:20.920220 [debug] [ThreadPool]: On demo.information_schema: /* {"app": "dbt", "dbt_version": "1.12.0", "profile_name": "postgres", "target_name": "dev", "connection_name": "demo.information_schema"} */

    
    

    select
        'demo' as table_database,
        sch.nspname as table_schema,
        tbl.relname as table_name,
        case tbl.relkind
            when 'v' then 'VIEW'
            when 'm' then 'MATERIALIZED VIEW'
            else 'BASE TABLE'
        end as table_type,
        tbl_desc.description as table_comment,
        col.attname as column_name,
        col.attnum as column_index,
        pg_catalog.format_type(col.atttypid, col.atttypmod) as column_type,
        col_desc.description as column_comment,
        pg_get_userbyid(tbl.relowner) as table_owner

    from pg_catalog.pg_namespace sch
    join pg_catalog.pg_class tbl on tbl.relnamespace = sch.oid
    join pg_catalog.pg_attribute col on col.attrelid = tbl.oid
    left outer join pg_catalog.pg_description tbl_desc on (tbl_desc.objoid = tbl.oid and tbl_desc.objsubid = 0)
    left outer join pg_catalog.pg_description col_desc on (col_desc.objoid = tbl.oid and col_desc.objsubid = col.attnum)
    where ((upper(sch.nspname) = upper('analytics') and
           upper(tbl.relname) = upper('person')) or (upper(sch.nspname) = upper('raw') and
           upper(tbl.relname) = upper('patients')))
      and not pg_is_other_temp_schema(sch.oid) -- not a temporary schema belonging to another session
      and tbl.relpersistence in ('p', 'u') -- [p]ermanent table or [u]nlogged table. Exclude [t]emporary tables
      and tbl.relkind in ('r', 'v', 'f', 'p', 'm') -- o[r]dinary table, [v]iew, [f]oreign table, [p]artitioned table, [m]aterialized view. Other values are [i]ndex, [S]equence, [c]omposite type, [t]OAST table
      and col.attnum > 0 -- negative numbers are used for system columns such as oid
      and not col.attisdropped -- column as not been dropped

    order by
        sch.nspname,
        tbl.relname,
        col.attnum
[0m13:40:20.920956 [debug] [ThreadPool]: Opening a new connection, currently in state init
[0m13:40:20.945911 [debug] [ThreadPool]: SQL status: SELECT 52 in 0.025 seconds
[0m13:40:20.952508 [debug] [ThreadPool]: On demo.information_schema: ROLLBACK
[0m13:40:20.955659 [debug] [ThreadPool]: On demo.information_schema: Close
[0m13:40:20.977759 [debug] [MainThread]: Wrote artifact CatalogArtifact to /home/vant/Documentos/Master/TFM/omop/demo/.meltano/transformers/dbt/target/catalog.json
[0m13:40:21.087119 [debug] [MainThread]: Wrote artifact WritableManifest to /home/vant/Documentos/Master/TFM/omop/demo/.meltano/transformers/dbt/target/manifest.json
[0m13:40:21.089009 [debug] [MainThread]: Wrote artifact SemanticManifest to /home/vant/Documentos/Master/TFM/omop/demo/.meltano/transformers/dbt/target/semantic_manifest.json
[0m13:40:21.090748 [debug] [MainThread]: Wrote artifact OsiDocument to /home/vant/Documentos/Master/TFM/omop/demo/.meltano/transformers/dbt/target/osi_document.json
[0m13:40:21.091099 [info ] [MainThread]: Catalog written to /home/vant/Documentos/Master/TFM/omop/demo/.meltano/transformers/dbt/target/catalog.json
[0m13:40:21.091710 [warn ] [MainThread]: [[33mWARNING[0m][DeprecationsSummary]: Deprecated functionality
Summary of encountered deprecations:
- ProjectFlagsMovedDeprecation: 1 occurrence
To see all deprecation instances instead of just the first occurrence of each,
run command again with the `--show-all-deprecations` flag. You may also need to
run with `--no-partial-parse` as some deprecations are only encountered during
parsing.
[0m13:40:21.092677 [debug] [MainThread]: Resource report: {"command_name": "generate", "command_success": true, "command_wall_clock_time": 0.96069384, "process_in_blocks": "0", "process_kernel_time": 0.138851, "process_mem_max_rss": "132336", "process_out_blocks": "5888", "process_user_time": 1.931927}
[0m13:40:21.093137 [debug] [MainThread]: Command `dbt docs generate` succeeded at 13:40:21.093060 after 0.96 seconds
[0m13:40:21.093454 [debug] [MainThread]: Connection 'generate_catalog' was properly closed.
[0m13:40:21.093740 [debug] [MainThread]: Connection 'demo.information_schema' was properly closed.
[0m13:40:21.094037 [debug] [MainThread]: Flushing usage events


============================== 13:40:23.760270 | ccee58f8-4a9a-49d6-acb0-db53fbb981c4 ==============================
[0m13:40:23.760270 [info ] [MainThread]: Running with dbt=1.12.0
[0m13:40:23.765431 [debug] [MainThread]: running dbt with arguments {'target_path': '/home/vant/Documentos/Master/TFM/omop/demo/.meltano/transformers/dbt/target', 'hints_enabled': 'True', 'no_print': 'None', 'log_path': '/home/vant/Documentos/Master/TFM/omop/demo/transform/logs', 'partial_parse': 'True', 'cache_selected_only': 'False', 'version_check': 'True', 'empty': 'None', 'debug': 'False', 'quiet': 'False', 'maximum_seed_size_mib': '1', 'profiles_dir': '/home/vant/Documentos/Master/TFM/omop/demo/transform/profiles/postgres', 'use_colors': 'True', 'send_anonymous_usage_stats': 'False', 'static_parser': 'True', 'log_cache_events': 'False', 'introspect': 'True', 'write_json': 'True', 'warn_error': 'None', 'use_experimental_parser': 'False', 'log_format': 'default', 'fail_fast': 'False', 'printer_width': '80', 'warn_error_options': 'WarnErrorOptionsV2(error=[], warn=[], silence=[])', 'invocation_command': 'dbt clean', 'indirect_selection': 'eager'}
[0m13:40:23.766156 [warn ] [MainThread]: [[33mWARNING[0m]: Deprecated functionality

User config should be moved from the 'config' key in profiles.yml to the 'flags' key in dbt_project.yml.
[0m13:40:23.879132 [warn ] [MainThread]: [[33mWARNING[0m][DeprecationsSummary]: Deprecated functionality
Summary of encountered deprecations:
- ProjectFlagsMovedDeprecation: 1 occurrence
To see all deprecation instances instead of just the first occurrence of each,
run command again with the `--show-all-deprecations` flag. You may also need to
run with `--no-partial-parse` as some deprecations are only encountered during
parsing.
[0m13:40:23.880921 [debug] [MainThread]: Resource report: {"command_name": "clean", "command_success": true, "command_wall_clock_time": 0.1868366, "process_in_blocks": "0", "process_kernel_time": 0.078981, "process_mem_max_rss": "110376", "process_out_blocks": "0", "process_user_time": 1.201711}
[0m13:40:23.881498 [debug] [MainThread]: Command `dbt clean` succeeded at 13:40:23.881407 after 0.19 seconds
[0m13:40:23.881854 [debug] [MainThread]: Flushing usage events


============================== 13:40:25.360498 | cb16583f-58ba-4561-962b-7404496a8db3 ==============================
[0m13:40:25.360498 [info ] [MainThread]: Running with dbt=1.12.0
[0m13:40:25.364592 [debug] [MainThread]: running dbt with arguments {'warn_error_options': 'WarnErrorOptionsV2(error=[], warn=[], silence=[])', 'log_cache_events': 'False', 'empty': 'None', 'write_json': 'True', 'cache_selected_only': 'False', 'debug': 'False', 'use_experimental_parser': 'False', 'version_check': 'True', 'introspect': 'True', 'hints_enabled': 'True', 'fail_fast': 'False', 'target_path': 'None', 'indirect_selection': 'eager', 'maximum_seed_size_mib': '1', 'warn_error': 'None', 'log_path': '/home/vant/Documentos/Master/TFM/omop/demo/transform/logs', 'profiles_dir': '/home/vant/Documentos/Master/TFM/omop/demo/transform/profiles/postgres', 'static_parser': 'True', 'use_colors': 'True', 'send_anonymous_usage_stats': 'False', 'quiet': 'False', 'invocation_command': 'dbt deps', 'no_print': 'None', 'log_format': 'default', 'printer_width': '80', 'partial_parse': 'True'}
[0m13:40:25.365282 [warn ] [MainThread]: [[33mWARNING[0m]: Deprecated functionality

User config should be moved from the 'config' key in profiles.yml to the 'flags' key in dbt_project.yml.
[0m13:40:25.473823 [info ] [MainThread]: Warning: No packages were found in packages.yml
[0m13:40:25.474527 [info ] [MainThread]: Warning: No packages were found in packages.yml
[0m13:40:25.475026 [warn ] [MainThread]: [[33mWARNING[0m][DeprecationsSummary]: Deprecated functionality
Summary of encountered deprecations:
- ProjectFlagsMovedDeprecation: 1 occurrence
To see all deprecation instances instead of just the first occurrence of each,
run command again with the `--show-all-deprecations` flag. You may also need to
run with `--no-partial-parse` as some deprecations are only encountered during
parsing.
[0m13:40:25.476231 [debug] [MainThread]: Resource report: {"command_name": "deps", "command_success": true, "command_wall_clock_time": 0.17652193, "process_in_blocks": "0", "process_kernel_time": 0.085981, "process_mem_max_rss": "110424", "process_out_blocks": "8", "process_user_time": 1.248724}
[0m13:40:25.476894 [debug] [MainThread]: Command `dbt deps` succeeded at 13:40:25.476788 after 0.18 seconds
[0m13:40:25.477401 [debug] [MainThread]: Flushing usage events


============================== 13:40:26.980100 | 28d86990-79e2-4834-a76d-294ed10b90dc ==============================
[0m13:40:26.980100 [info ] [MainThread]: Running with dbt=1.12.0
[0m13:40:26.984050 [debug] [MainThread]: running dbt with arguments {'target_path': '/home/vant/Documentos/Master/TFM/omop/demo/.meltano/transformers/dbt/target', 'version_check': 'True', 'fail_fast': 'False', 'log_path': '/home/vant/Documentos/Master/TFM/omop/demo/transform/logs', 'use_colors': 'True', 'quiet': 'False', 'printer_width': '80', 'invocation_command': 'dbt docs serve', 'send_anonymous_usage_stats': 'False', 'use_experimental_parser': 'False', 'introspect': 'True', 'cache_selected_only': 'False', 'write_json': 'True', 'hints_enabled': 'True', 'indirect_selection': 'eager', 'maximum_seed_size_mib': '1', 'warn_error': 'None', 'log_cache_events': 'False', 'partial_parse': 'True', 'profiles_dir': '/home/vant/Documentos/Master/TFM/omop/demo/transform/profiles/postgres', 'static_parser': 'True', 'empty': 'None', 'debug': 'False', 'no_print': 'None', 'warn_error_options': 'WarnErrorOptionsV2(error=[], warn=[], silence=[])', 'log_format': 'default'}
[0m13:40:26.984690 [warn ] [MainThread]: [[33mWARNING[0m]: Deprecated functionality

User config should be moved from the 'config' key in profiles.yml to the 'flags' key in dbt_project.yml.
